2026-08-17T10:30:00.000Z [INFO] Database query executed
2026-08-17T10:30:05.000Z [WARN] Rate limit approaching
2026-08-17T10:30:10.000Z [ERROR] Authentication failed for user: john@example.com
2026-08-17T10:30:15.000Z [INFO] Server started on port 3000
2026-08-17T10:30:20.000Z [INFO] User logged in: ada@example.com
2026-08-17T10:30:25.000Z [INFO] Cache hit
2026-08-17T10:30:30.000Z [WARN] Deprecated API called
2026-08-17T10:30:35.000Z [WARN] Deprecated API called
2026-08-17T10:30:40.000Z [INFO] Request processed
2026-08-17T10:30:45.000Z [INFO] User logged in: ada@example.com
2026-08-17T10:30:50.000Z [INFO] Server started on port 3000
2026-08-17T10:30:55.000Z [WARN] Rate limit approaching
2026-08-17T10:31:00.000Z [INFO] Request processed
2026-08-17T10:31:05.000Z [INFO] Database query executed
2026-08-17T10:31:10.000Z [WARN] Memory usage high: 85%
2026-08-17T10:31:15.000Z [WARN] Memory usage high: 85%
2026-08-17T10:31:20.000Z [WARN] Slow query detected: 2500ms
2026-08-17T10:31:25.000Z [DEBUG] API response received
2026-08-17T10:31:30.000Z [INFO] Request processed
2026-08-17T10:31:35.000Z [INFO] User logged in: ada@example.com
2026-08-17T10:31:40.000Z [INFO] Server started on port 3000
2026-08-17T10:31:45.000Z [INFO] User logged in: ada@example.com
2026-08-17T10:31:50.000Z [WARN] Deprecated API called
2026-08-17T10:31:55.000Z [INFO] Request processed
2026-08-17T10:32:00.000Z [INFO] Cache hit
2026-08-17T10:32:05.000Z [INFO] User logged in: ada@example.com
2026-08-17T10:32:10.000Z [INFO] Cache hit
2026-08-17T10:32:15.000Z [INFO] Connection restored
2026-08-17T10:32:20.000Z [ERROR] File not found: /uploads/report.pdf
2026-08-17T10:32:25.000Z [ERROR] Database connection failed: timeout
2026-08-17T10:32:30.000Z [INFO] Connection restored
2026-08-17T10:32:35.000Z [INFO] Cache hit
2026-08-17T10:32:40.000Z [INFO] Request processed
2026-08-17T10:32:45.000Z [WARN] Deprecated API called
2026-08-17T10:32:50.000Z [INFO] Request processed
2026-08-17T10:32:55.000Z [ERROR] Rate limit exceeded
2026-08-17T10:33:00.000Z [INFO] Cache hit
2026-08-17T10:33:05.000Z [INFO] User logged in: ada@example.com
2026-08-17T10:33:10.000Z [INFO] User logged in: ada@example.com
2026-08-17T10:33:15.000Z [INFO] User logged in: ada@example.com
2026-08-17T10:33:20.000Z [INFO] Server started on port 3000
2026-08-17T10:33:25.000Z [DEBUG] Entering function processRequest
2026-08-17T10:33:30.000Z [WARN] Slow query detected: 2500ms
2026-08-17T10:33:35.000Z [INFO] Database query executed
2026-08-17T10:33:40.000Z [DEBUG] API response received
2026-08-17T10:33:45.000Z [INFO] Request processed
2026-08-17T10:33:50.000Z [INFO] Request processed
2026-08-17T10:33:55.000Z [INFO] User logged in: ada@example.com
2026-08-17T10:34:00.000Z [INFO] Server started on port 3000
2026-08-17T10:34:05.000Z [INFO] Request processed
2026-08-17T10:34:10.000Z [INFO] Cache hit
2026-08-17T10:34:15.000Z [INFO] Connection restored
2026-08-17T10:34:20.000Z [INFO] Server started on port 3000
2026-08-17T10:34:25.000Z [INFO] User logged in: ada@example.com
2026-08-17T10:34:30.000Z [INFO] Request processed
2026-08-17T10:34:35.000Z [INFO] Connection restored
2026-08-17T10:34:40.000Z [INFO] Connection restored
2026-08-17T10:34:45.000Z [INFO] Server started on port 3000
2026-08-17T10:34:50.000Z [ERROR] Authentication failed for user: john@example.com
2026-08-17T10:34:55.000Z [WARN] Slow query detected: 2500ms
2026-08-17T10:35:00.000Z [DEBUG] API response received
2026-08-17T10:35:05.000Z [INFO] Database query executed
2026-08-17T10:35:10.000Z [ERROR] Rate limit exceeded
2026-08-17T10:35:15.000Z [DEBUG] Cache cleared
2026-08-17T10:35:20.000Z [INFO] Request processed
2026-08-17T10:35:25.000Z [INFO] Database query executed
2026-08-17T10:35:30.000Z [ERROR] File not found: /uploads/report.pdf
2026-08-17T10:35:35.000Z [DEBUG] Variable value: 42
2026-08-17T10:35:40.000Z [INFO] User logged in: ada@example.com
2026-08-17T10:35:45.000Z [INFO] Database query executed
2026-08-17T10:35:50.000Z [WARN] Slow query detected: 2500ms
2026-08-17T10:35:55.000Z [INFO] Cache hit
2026-08-17T10:36:00.000Z [INFO] Request processed
2026-08-17T10:36:05.000Z [INFO] Cache hit
2026-08-17T10:36:10.000Z [WARN] Deprecated API called
2026-08-17T10:36:15.000Z [INFO] Cache hit
2026-08-17T10:36:20.000Z [ERROR] File not found: /uploads/report.pdf
2026-08-17T10:36:25.000Z [INFO] Server started on port 3000
2026-08-17T10:36:30.000Z [WARN] Slow query detected: 2500ms
2026-08-17T10:36:35.000Z [INFO] Server started on port 3000
2026-08-17T10:36:40.000Z [INFO] Cache hit
2026-08-17T10:36:45.000Z [ERROR] Memory limit exceeded: 512MB
2026-08-17T10:36:50.000Z [INFO] Request processed
2026-08-17T10:36:55.000Z [DEBUG] Cache cleared
2026-08-17T10:37:00.000Z [INFO] Server started on port 3000
2026-08-17T10:37:05.000Z [ERROR] Memory limit exceeded: 512MB
2026-08-17T10:37:10.000Z [INFO] Connection restored
2026-08-17T10:37:15.000Z [ERROR] Rate limit exceeded
2026-08-17T10:37:20.000Z [INFO] Database query executed
2026-08-17T10:37:25.000Z [INFO] Request processed
2026-08-17T10:37:30.000Z [INFO] Server started on port 3000
2026-08-17T10:37:35.000Z [WARN] Memory usage high: 85%
2026-08-17T10:37:40.000Z [WARN] Deprecated API called
2026-08-17T10:37:45.000Z [INFO] Database query executed
2026-08-17T10:37:50.000Z [INFO] User logged in: ada@example.com
2026-08-17T10:37:55.000Z [WARN] Deprecated API called
2026-08-17T10:38:00.000Z [INFO] Connection restored
2026-08-17T10:38:05.000Z [INFO] Database query executed
2026-08-17T10:38:10.000Z [INFO] Server started on port 3000
2026-08-17T10:38:15.000Z [INFO] Connection restored
2026-08-17T10:38:20.000Z [INFO] Cache hit
2026-08-17T10:38:25.000Z [INFO] Database query executed
2026-08-17T10:38:30.000Z [INFO] Request processed
2026-08-17T10:38:35.000Z [INFO] Cache hit
2026-08-17T10:38:40.000Z [DEBUG] Entering function processRequest
2026-08-17T10:38:45.000Z [WARN] Rate limit approaching
2026-08-17T10:38:50.000Z [INFO] Request processed
2026-08-17T10:38:55.000Z [INFO] Connection restored
2026-08-17T10:39:00.000Z [DEBUG] Cache cleared
2026-08-17T10:39:05.000Z [WARN] Slow query detected: 2500ms
2026-08-17T10:39:10.000Z [INFO] Server started on port 3000
2026-08-17T10:39:15.000Z [WARN] Slow query detected: 2500ms
2026-08-17T10:39:20.000Z [WARN] Deprecated API called
2026-08-17T10:39:25.000Z [INFO] Request processed
2026-08-17T10:39:30.000Z [INFO] User logged in: ada@example.com
2026-08-17T10:39:35.000Z [INFO] Cache hit
2026-08-17T10:39:40.000Z [WARN] Deprecated API called
2026-08-17T10:39:45.000Z [INFO] Cache hit
2026-08-17T10:39:50.000Z [INFO] Database query executed
2026-08-17T10:39:55.000Z [INFO] User logged in: ada@example.com
2026-08-17T10:40:00.000Z [INFO] Server started on port 3000
2026-08-17T10:40:05.000Z [WARN] Rate limit approaching
2026-08-17T10:40:10.000Z [INFO] User logged in: ada@example.com
2026-08-17T10:40:15.000Z [INFO] Database query executed
2026-08-17T10:40:20.000Z [INFO] Server started on port 3000
2026-08-17T10:40:25.000Z [WARN] Rate limit approaching
2026-08-17T10:40:30.000Z [INFO] Request processed
2026-08-17T10:40:35.000Z [INFO] Cache hit
2026-08-17T10:40:40.000Z [INFO] Connection restored
2026-08-17T10:40:45.000Z [INFO] User logged in: ada@example.com
2026-08-17T10:40:50.000Z [WARN] Slow query detected: 2500ms
2026-08-17T10:40:55.000Z [WARN] Deprecated API called
2026-08-17T10:41:00.000Z [WARN] Deprecated API called
2026-08-17T10:41:05.000Z [INFO] User logged in: ada@example.com
2026-08-17T10:41:10.000Z [INFO] Request processed
2026-08-17T10:41:15.000Z [ERROR] File not found: /uploads/report.pdf
2026-08-17T10:41:20.000Z [INFO] Connection restored
2026-08-17T10:41:25.000Z [WARN] Rate limit approaching
2026-08-17T10:41:30.000Z [WARN] Slow query detected: 2500ms
2026-08-17T10:41:35.000Z [WARN] Rate limit approaching
2026-08-17T10:41:40.000Z [INFO] Server started on port 3000
2026-08-17T10:41:45.000Z [INFO] Database query executed
2026-08-17T10:41:50.000Z [INFO] Database query executed
2026-08-17T10:41:55.000Z [INFO] User logged in: ada@example.com
2026-08-17T10:42:00.000Z [INFO] Request processed
2026-08-17T10:42:05.000Z [WARN] Deprecated API called
2026-08-17T10:42:10.000Z [WARN] Slow query detected: 2500ms
2026-08-17T10:42:15.000Z [INFO] Database query executed
2026-08-17T10:42:20.000Z [WARN] Slow query detected: 2500ms
2026-08-17T10:42:25.000Z [WARN] Slow query detected: 2500ms
2026-08-17T10:42:30.000Z [INFO] Server started on port 3000
2026-08-17T10:42:35.000Z [INFO] User logged in: ada@example.com
2026-08-17T10:42:40.000Z [INFO] Request processed
2026-08-17T10:42:45.000Z [INFO] Server started on port 3000
2026-08-17T10:42:50.000Z [INFO] Server started on port 3000
2026-08-17T10:42:55.000Z [ERROR] Rate limit exceeded
2026-08-17T10:43:00.000Z [ERROR] Memory limit exceeded: 512MB
2026-08-17T10:43:05.000Z [ERROR] Rate limit exceeded
2026-08-17T10:43:10.000Z [INFO] Cache hit
2026-08-17T10:43:15.000Z [INFO] Database query executed
2026-08-17T10:43:20.000Z [INFO] Server started on port 3000
2026-08-17T10:43:25.000Z [WARN] Rate limit approaching
2026-08-17T10:43:30.000Z [INFO] Database query executed
2026-08-17T10:43:35.000Z [DEBUG] Cache cleared
2026-08-17T10:43:40.000Z [INFO] Connection restored
2026-08-17T10:43:45.000Z [WARN] Deprecated API called
2026-08-17T10:43:50.000Z [INFO] User logged in: ada@example.com
2026-08-17T10:43:55.000Z [INFO] Server started on port 3000
2026-08-17T10:44:00.000Z [INFO] Database query executed
2026-08-17T10:44:05.000Z [INFO] Request processed
2026-08-17T10:44:10.000Z [WARN] Rate limit approaching
2026-08-17T10:44:15.000Z [INFO] User logged in: ada@example.com
2026-08-17T10:44:20.000Z [WARN] Slow query detected: 2500ms
2026-08-17T10:44:25.000Z [INFO] Server started on port 3000
2026-08-17T10:44:30.000Z [ERROR] Authentication failed for user: john@example.com
2026-08-17T10:44:35.000Z [INFO] Connection restored
2026-08-17T10:44:40.000Z [WARN] Deprecated API called
2026-08-17T10:44:45.000Z [INFO] Request processed
2026-08-17T10:44:50.000Z [INFO] Database query executed
2026-08-17T10:44:55.000Z [INFO] Request processed
2026-08-17T10:45:00.000Z [ERROR] File not found: /uploads/report.pdf
2026-08-17T10:45:05.000Z [WARN] Deprecated API called
2026-08-17T10:45:10.000Z [INFO] Connection restored
2026-08-17T10:45:15.000Z [INFO] User logged in: ada@example.com
2026-08-17T10:45:20.000Z [INFO] Connection restored
2026-08-17T10:45:25.000Z [INFO] Connection restored
2026-08-17T10:45:30.000Z [INFO] Database query executed
2026-08-17T10:45:35.000Z [WARN] Slow query detected: 2500ms
2026-08-17T10:45:40.000Z [INFO] Server started on port 3000
2026-08-17T10:45:45.000Z [ERROR] Authentication failed for user: john@example.com
2026-08-17T10:45:50.000Z [INFO] Cache hit
2026-08-17T10:45:55.000Z [INFO] Server started on port 3000
2026-08-17T10:46:00.000Z [INFO] Cache hit
2026-08-17T10:46:05.000Z [INFO] Cache hit
2026-08-17T10:46:10.000Z [WARN] Slow query detected: 2500ms
2026-08-17T10:46:15.000Z [WARN] Rate limit approaching
2026-08-17T10:46:20.000Z [INFO] User logged in: ada@example.com
2026-08-17T10:46:25.000Z [INFO] Request processed
2026-08-17T10:46:30.000Z [INFO] User logged in: ada@example.com
2026-08-17T10:46:35.000Z [INFO] Database query executed
2026-08-17T10:46:40.000Z [INFO] User logged in: ada@example.com
2026-08-17T10:46:45.000Z [INFO] User logged in: ada@example.com
2026-08-17T10:46:50.000Z [WARN] Deprecated API called
2026-08-17T10:46:55.000Z [WARN] Memory usage high: 85%
2026-08-17T10:47:00.000Z [INFO] Connection restored
2026-08-17T10:47:05.000Z [INFO] Connection restored
2026-08-17T10:47:10.000Z [WARN] Rate limit approaching
2026-08-17T10:47:15.000Z [INFO] User logged in: ada@example.com
2026-08-17T10:47:20.000Z [ERROR] File not found: /uploads/report.pdf
2026-08-17T10:47:25.000Z [ERROR] Database connection failed: timeout
2026-08-17T10:47:30.000Z [WARN] Rate limit approaching
2026-08-17T10:47:35.000Z [DEBUG] API response received
2026-08-17T10:47:40.000Z [INFO] Request processed
2026-08-17T10:47:45.000Z [INFO] Request processed
2026-08-17T10:47:50.000Z [INFO] Request processed
2026-08-17T10:47:55.000Z [INFO] Cache hit
2026-08-17T10:48:00.000Z [INFO] Server started on port 3000
2026-08-17T10:48:05.000Z [WARN] Slow query detected: 2500ms
2026-08-17T10:48:10.000Z [INFO] Connection restored
2026-08-17T10:48:15.000Z [INFO] Connection restored
2026-08-17T10:48:20.000Z [WARN] Rate limit approaching
2026-08-17T10:48:25.000Z [INFO] Connection restored
2026-08-17T10:48:30.000Z [ERROR] Memory limit exceeded: 512MB
2026-08-17T10:48:35.000Z [WARN] Memory usage high: 85%
2026-08-17T10:48:40.000Z [INFO] Request processed
2026-08-17T10:48:45.000Z [INFO] Cache hit
2026-08-17T10:48:50.000Z [INFO] Cache hit
2026-08-17T10:48:55.000Z [INFO] Connection restored
2026-08-17T10:49:00.000Z [INFO] Server started on port 3000
2026-08-17T10:49:05.000Z [WARN] Rate limit approaching
2026-08-17T10:49:10.000Z [INFO] User logged in: ada@example.com
2026-08-17T10:49:15.000Z [INFO] User logged in: ada@example.com
2026-08-17T10:49:20.000Z [INFO] User logged in: ada@example.com
2026-08-17T10:49:25.000Z [WARN] Deprecated API called
2026-08-17T10:49:30.000Z [WARN] Rate limit approaching
2026-08-17T10:49:35.000Z [INFO] Server started on port 3000
2026-08-17T10:49:40.000Z [DEBUG] Variable value: 42
2026-08-17T10:49:45.000Z [INFO] Connection restored
2026-08-17T10:49:50.000Z [INFO] Connection restored
2026-08-17T10:49:55.000Z [INFO] Connection restored
2026-08-17T10:50:00.000Z [INFO] User logged in: ada@example.com
2026-08-17T10:50:05.000Z [INFO] Request processed
2026-08-17T10:50:10.000Z [INFO] Cache hit
2026-08-17T10:50:15.000Z [INFO] Cache hit
2026-08-17T10:50:20.000Z [INFO] Connection restored
2026-08-17T10:50:25.000Z [WARN] Slow query detected: 2500ms
2026-08-17T10:50:30.000Z [INFO] User logged in: ada@example.com
2026-08-17T10:50:35.000Z [WARN] Slow query detected: 2500ms
2026-08-17T10:50:40.000Z [INFO] Cache hit
2026-08-17T10:50:45.000Z [INFO] Database query executed
2026-08-17T10:50:50.000Z [INFO] Request processed
2026-08-17T10:50:55.000Z [INFO] Request processed
2026-08-17T10:51:00.000Z [INFO] Cache hit
2026-08-17T10:51:05.000Z [INFO] Cache hit
2026-08-17T10:51:10.000Z [ERROR] Rate limit exceeded
2026-08-17T10:51:15.000Z [INFO] Connection restored
2026-08-17T10:51:20.000Z [INFO] Cache hit
2026-08-17T10:51:25.000Z [INFO] Server started on port 3000
2026-08-17T10:51:30.000Z [INFO] Database query executed
2026-08-17T10:51:35.000Z [INFO] Database query executed
2026-08-17T10:51:40.000Z [INFO] Request processed
2026-08-17T10:51:45.000Z [WARN] Slow query detected: 2500ms
2026-08-17T10:51:50.000Z [INFO] Connection restored
2026-08-17T10:51:55.000Z [WARN] Rate limit approaching
2026-08-17T10:52:00.000Z [INFO] Cache hit
2026-08-17T10:52:05.000Z [WARN] Deprecated API called
2026-08-17T10:52:10.000Z [INFO] Request processed
2026-08-17T10:52:15.000Z [INFO] Cache hit
2026-08-17T10:52:20.000Z [INFO] Server started on port 3000
2026-08-17T10:52:25.000Z [WARN] Rate limit approaching
2026-08-17T10:52:30.000Z [INFO] Database query executed
2026-08-17T10:52:35.000Z [INFO] Server started on port 3000
2026-08-17T10:52:40.000Z [INFO] Connection restored
2026-08-17T10:52:45.000Z [INFO] Database query executed
2026-08-17T10:52:50.000Z [INFO] Database query executed
2026-08-17T10:52:55.000Z [INFO] Connection restored
2026-08-17T10:53:00.000Z [INFO] Database query executed
2026-08-17T10:53:05.000Z [WARN] Deprecated API called
2026-08-17T10:53:10.000Z [WARN] Rate limit approaching
2026-08-17T10:53:15.000Z [DEBUG] Entering function processRequest
2026-08-17T10:53:20.000Z [INFO] Cache hit
2026-08-17T10:53:25.000Z [INFO] Cache hit
2026-08-17T10:53:30.000Z [ERROR] Memory limit exceeded: 512MB
2026-08-17T10:53:35.000Z [INFO] Cache hit
2026-08-17T10:53:40.000Z [INFO] Cache hit
2026-08-17T10:53:45.000Z [INFO] Database query executed
2026-08-17T10:53:50.000Z [WARN] Memory usage high: 85%
2026-08-17T10:53:55.000Z [INFO] Database query executed
2026-08-17T10:54:00.000Z [INFO] Server started on port 3000
2026-08-17T10:54:05.000Z [INFO] Server started on port 3000
2026-08-17T10:54:10.000Z [INFO] User logged in: ada@example.com
2026-08-17T10:54:15.000Z [WARN] Rate limit approaching
2026-08-17T10:54:20.000Z [INFO] User logged in: ada@example.com
2026-08-17T10:54:25.000Z [INFO] Server started on port 3000
2026-08-17T10:54:30.000Z [WARN] Memory usage high: 85%
2026-08-17T10:54:35.000Z [INFO] Cache hit
2026-08-17T10:54:40.000Z [INFO] Server started on port 3000
2026-08-17T10:54:45.000Z [WARN] Deprecated API called
2026-08-17T10:54:50.000Z [INFO] Database query executed
2026-08-17T10:54:55.000Z [INFO] User logged in: ada@example.com
2026-08-17T10:55:00.000Z [INFO] Connection restored
2026-08-17T10:55:05.000Z [INFO] Server started on port 3000
2026-08-17T10:55:10.000Z [INFO] Request processed
2026-08-17T10:55:15.000Z [INFO] Request processed
2026-08-17T10:55:20.000Z [INFO] Connection restored
2026-08-17T10:55:25.000Z [INFO] Cache hit
2026-08-17T10:55:30.000Z [WARN] Memory usage high: 85%
2026-08-17T10:55:35.000Z [INFO] Connection restored
2026-08-17T10:55:40.000Z [INFO] Database query executed
2026-08-17T10:55:45.000Z [INFO] Cache hit
2026-08-17T10:55:50.000Z [INFO] Cache hit
2026-08-17T10:55:55.000Z [INFO] Connection restored
2026-08-17T10:56:00.000Z [ERROR] Authentication failed for user: john@example.com
2026-08-17T10:56:05.000Z [INFO] Cache hit
2026-08-17T10:56:10.000Z [INFO] Request processed
2026-08-17T10:56:15.000Z [WARN] Deprecated API called
2026-08-17T10:56:20.000Z [INFO] Server started on port 3000
2026-08-17T10:56:25.000Z [WARN] Slow query detected: 2500ms
2026-08-17T10:56:30.000Z [INFO] User logged in: ada@example.com
2026-08-17T10:56:35.000Z [WARN] Slow query detected: 2500ms
2026-08-17T10:56:40.000Z [INFO] Request processed
2026-08-17T10:56:45.000Z [ERROR] Authentication failed for user: john@example.com
2026-08-17T10:56:50.000Z [INFO] Request processed
2026-08-17T10:56:55.000Z [INFO] Request processed
2026-08-17T10:57:00.000Z [WARN] Slow query detected: 2500ms
2026-08-17T10:57:05.000Z [WARN] Slow query detected: 2500ms
2026-08-17T10:57:10.000Z [INFO] Request processed
2026-08-17T10:57:15.000Z [WARN] Deprecated API called
2026-08-17T10:57:20.000Z [WARN] Rate limit approaching
2026-08-17T10:57:25.000Z [INFO] Connection restored
2026-08-17T10:57:30.000Z [INFO] Request processed
2026-08-17T10:57:35.000Z [INFO] Database query executed
2026-08-17T10:57:40.000Z [INFO] User logged in: ada@example.com
2026-08-17T10:57:45.000Z [INFO] Cache hit
2026-08-17T10:57:50.000Z [INFO] Server started on port 3000
2026-08-17T10:57:55.000Z [WARN] Rate limit approaching
2026-08-17T10:58:00.000Z [WARN] Memory usage high: 85%
2026-08-17T10:58:05.000Z [INFO] User logged in: ada@example.com
2026-08-17T10:58:10.000Z [INFO] Server started on port 3000
2026-08-17T10:58:15.000Z [INFO] Request processed
2026-08-17T10:58:20.000Z [INFO] Cache hit
2026-08-17T10:58:25.000Z [ERROR] Database connection failed: timeout
2026-08-17T10:58:30.000Z [ERROR] Rate limit exceeded
2026-08-17T10:58:35.000Z [WARN] Memory usage high: 85%
2026-08-17T10:58:40.000Z [INFO] Request processed
2026-08-17T10:58:45.000Z [INFO] Cache hit
2026-08-17T10:58:50.000Z [DEBUG] Cache cleared
2026-08-17T10:58:55.000Z [WARN] Deprecated API called
2026-08-17T10:59:00.000Z [INFO] Request processed
2026-08-17T10:59:05.000Z [INFO] Cache hit
2026-08-17T10:59:10.000Z [ERROR] Rate limit exceeded
2026-08-17T10:59:15.000Z [INFO] Connection restored
2026-08-17T10:59:20.000Z [INFO] Cache hit
2026-08-17T10:59:25.000Z [WARN] Rate limit approaching
2026-08-17T10:59:30.000Z [INFO] User logged in: ada@example.com
2026-08-17T10:59:35.000Z [WARN] Slow query detected: 2500ms
2026-08-17T10:59:40.000Z [INFO] Request processed
2026-08-17T10:59:45.000Z [INFO] Request processed
2026-08-17T10:59:50.000Z [INFO] Request processed
2026-08-17T10:59:55.000Z [DEBUG] Variable value: 42
2026-08-17T11:00:00.000Z [INFO] Server started on port 3000
2026-08-17T11:00:05.000Z [INFO] Cache hit
2026-08-17T11:00:10.000Z [WARN] Deprecated API called
2026-08-17T11:00:15.000Z [INFO] Connection restored
2026-08-17T11:00:20.000Z [INFO] Server started on port 3000
2026-08-17T11:00:25.000Z [ERROR] File not found: /uploads/report.pdf
2026-08-17T11:00:30.000Z [INFO] Request processed
2026-08-17T11:00:35.000Z [INFO] Request processed
2026-08-17T11:00:40.000Z [INFO] Request processed
2026-08-17T11:00:45.000Z [WARN] Slow query detected: 2500ms
2026-08-17T11:00:50.000Z [WARN] Memory usage high: 85%
2026-08-17T11:00:55.000Z [INFO] Connection restored
2026-08-17T11:01:00.000Z [WARN] Rate limit approaching
2026-08-17T11:01:05.000Z [INFO] Database query executed
2026-08-17T11:01:10.000Z [INFO] Database query executed
2026-08-17T11:01:15.000Z [INFO] Cache hit
2026-08-17T11:01:20.000Z [INFO] Cache hit
2026-08-17T11:01:25.000Z [INFO] Server started on port 3000
2026-08-17T11:01:30.000Z [INFO] User logged in: ada@example.com
2026-08-17T11:01:35.000Z [WARN] Slow query detected: 2500ms
2026-08-17T11:01:40.000Z [INFO] Cache hit
2026-08-17T11:01:45.000Z [WARN] Slow query detected: 2500ms
2026-08-17T11:01:50.000Z [INFO] Connection restored
2026-08-17T11:01:55.000Z [INFO] Request processed
2026-08-17T11:02:00.000Z [INFO] Connection restored
2026-08-17T11:02:05.000Z [INFO] Server started on port 3000
2026-08-17T11:02:10.000Z [INFO] Server started on port 3000
2026-08-17T11:02:15.000Z [INFO] Database query executed
2026-08-17T11:02:20.000Z [INFO] Cache hit
2026-08-17T11:02:25.000Z [INFO] User logged in: ada@example.com
2026-08-17T11:02:30.000Z [INFO] User logged in: ada@example.com
2026-08-17T11:02:35.000Z [ERROR] Authentication failed for user: john@example.com
2026-08-17T11:02:40.000Z [INFO] Server started on port 3000
2026-08-17T11:02:45.000Z [INFO] Cache hit
2026-08-17T11:02:50.000Z [INFO] Server started on port 3000
2026-08-17T11:02:55.000Z [INFO] Connection restored
2026-08-17T11:03:00.000Z [WARN] Slow query detected: 2500ms
2026-08-17T11:03:05.000Z [WARN] Memory usage high: 85%
2026-08-17T11:03:10.000Z [INFO] Request processed
2026-08-17T11:03:15.000Z [INFO] User logged in: ada@example.com
2026-08-17T11:03:20.000Z [INFO] User logged in: ada@example.com
2026-08-17T11:03:25.000Z [INFO] User logged in: ada@example.com
2026-08-17T11:03:30.000Z [INFO] Cache hit
2026-08-17T11:03:35.000Z [INFO] Database query executed
2026-08-17T11:03:40.000Z [INFO] Server started on port 3000
2026-08-17T11:03:45.000Z [INFO] Request processed
2026-08-17T11:03:50.000Z [INFO] Request processed
2026-08-17T11:03:55.000Z [INFO] Server started on port 3000
2026-08-17T11:04:00.000Z [DEBUG] API response received
2026-08-17T11:04:05.000Z [ERROR] Database connection failed: timeout
2026-08-17T11:04:10.000Z [INFO] Database query executed
2026-08-17T11:04:15.000Z [INFO] Connection restored
2026-08-17T11:04:20.000Z [WARN] Deprecated API called
2026-08-17T11:04:25.000Z [ERROR] File not found: /uploads/report.pdf
2026-08-17T11:04:30.000Z [ERROR] Memory limit exceeded: 512MB
2026-08-17T11:04:35.000Z [ERROR] Database connection failed: timeout
2026-08-17T11:04:40.000Z [DEBUG] API response received
2026-08-17T11:04:45.000Z [INFO] User logged in: ada@example.com
2026-08-17T11:04:50.000Z [WARN] Deprecated API called
2026-08-17T11:04:55.000Z [INFO] Cache hit
2026-08-17T11:05:00.000Z [INFO] Request processed
2026-08-17T11:05:05.000Z [INFO] User logged in: ada@example.com
2026-08-17T11:05:10.000Z [INFO] Cache hit
2026-08-17T11:05:15.000Z [WARN] Deprecated API called
2026-08-17T11:05:20.000Z [WARN] Slow query detected: 2500ms
2026-08-17T11:05:25.000Z [INFO] Server started on port 3000
2026-08-17T11:05:30.000Z [INFO] Server started on port 3000
2026-08-17T11:05:35.000Z [WARN] Slow query detected: 2500ms
2026-08-17T11:05:40.000Z [INFO] Cache hit
2026-08-17T11:05:45.000Z [INFO] Request processed
2026-08-17T11:05:50.000Z [INFO] User logged in: ada@example.com
2026-08-17T11:05:55.000Z [WARN] Deprecated API called
2026-08-17T11:06:00.000Z [WARN] Rate limit approaching
2026-08-17T11:06:05.000Z [DEBUG] Entering function processRequest
2026-08-17T11:06:10.000Z [INFO] Connection restored
2026-08-17T11:06:15.000Z [INFO] Cache hit
2026-08-17T11:06:20.000Z [INFO] Connection restored
2026-08-17T11:06:25.000Z [WARN] Rate limit approaching
2026-08-17T11:06:30.000Z [WARN] Memory usage high: 85%
2026-08-17T11:06:35.000Z [WARN] Memory usage high: 85%
2026-08-17T11:06:40.000Z [INFO] Cache hit
2026-08-17T11:06:45.000Z [INFO] Connection restored
2026-08-17T11:06:50.000Z [WARN] Rate limit approaching
2026-08-17T11:06:55.000Z [INFO] Database query executed
2026-08-17T11:07:00.000Z [INFO] Server started on port 3000
2026-08-17T11:07:05.000Z [INFO] Request processed
2026-08-17T11:07:10.000Z [WARN] Rate limit approaching
2026-08-17T11:07:15.000Z [INFO] Connection restored
2026-08-17T11:07:20.000Z [INFO] User logged in: ada@example.com
2026-08-17T11:07:25.000Z [WARN] Slow query detected: 2500ms
2026-08-17T11:07:30.000Z [WARN] Slow query detected: 2500ms
2026-08-17T11:07:35.000Z [INFO] Database query executed
2026-08-17T11:07:40.000Z [INFO] Database query executed
2026-08-17T11:07:45.000Z [INFO] Request processed
2026-08-17T11:07:50.000Z [DEBUG] API response received
2026-08-17T11:07:55.000Z [INFO] Server started on port 3000
2026-08-17T11:08:00.000Z [INFO] Database query executed
2026-08-17T11:08:05.000Z [INFO] User logged in: ada@example.com
2026-08-17T11:08:10.000Z [INFO] User logged in: ada@example.com
2026-08-17T11:08:15.000Z [ERROR] File not found: /uploads/report.pdf
2026-08-17T11:08:20.000Z [INFO] User logged in: ada@example.com
2026-08-17T11:08:25.000Z [DEBUG] Variable value: 42
2026-08-17T11:08:30.000Z [ERROR] Rate limit exceeded
2026-08-17T11:08:35.000Z [INFO] Server started on port 3000
2026-08-17T11:08:40.000Z [WARN] Memory usage high: 85%
2026-08-17T11:08:45.000Z [INFO] Connection restored
2026-08-17T11:08:50.000Z [WARN] Slow query detected: 2500ms
2026-08-17T11:08:55.000Z [INFO] Cache hit
2026-08-17T11:09:00.000Z [INFO] Database query executed
2026-08-17T11:09:05.000Z [WARN] Memory usage high: 85%
2026-08-17T11:09:10.000Z [INFO] User logged in: ada@example.com
2026-08-17T11:09:15.000Z [ERROR] File not found: /uploads/report.pdf
2026-08-17T11:09:20.000Z [INFO] User logged in: ada@example.com
2026-08-17T11:09:25.000Z [WARN] Slow query detected: 2500ms
2026-08-17T11:09:30.000Z [INFO] Request processed
2026-08-17T11:09:35.000Z [INFO] Database query executed
2026-08-17T11:09:40.000Z [INFO] Request processed
2026-08-17T11:09:45.000Z [WARN] Memory usage high: 85%
2026-08-17T11:09:50.000Z [INFO] Connection restored
2026-08-17T11:09:55.000Z [INFO] User logged in: ada@example.com
2026-08-17T11:10:00.000Z [INFO] User logged in: ada@example.com
2026-08-17T11:10:05.000Z [INFO] Connection restored
2026-08-17T11:10:10.000Z [INFO] Request processed
2026-08-17T11:10:15.000Z [DEBUG] Cache cleared
2026-08-17T11:10:20.000Z [WARN] Memory usage high: 85%
2026-08-17T11:10:25.000Z [INFO] Request processed
2026-08-17T11:10:30.000Z [INFO] Connection restored
2026-08-17T11:10:35.000Z [INFO] Server started on port 3000
2026-08-17T11:10:40.000Z [WARN] Slow query detected: 2500ms
2026-08-17T11:10:45.000Z [ERROR] Database connection failed: timeout
2026-08-17T11:10:50.000Z [INFO] Request processed
2026-08-17T11:10:55.000Z [INFO] User logged in: ada@example.com
2026-08-17T11:11:00.000Z [WARN] Rate limit approaching
2026-08-17T11:11:05.000Z [INFO] Database query executed
2026-08-17T11:11:10.000Z [INFO] Database query executed
2026-08-17T11:11:15.000Z [WARN] Deprecated API called
2026-08-17T11:11:20.000Z [INFO] Server started on port 3000
2026-08-17T11:11:25.000Z [INFO] Cache hit
2026-08-17T11:11:30.000Z [INFO] Database query executed
2026-08-17T11:11:35.000Z [INFO] Connection restored
2026-08-17T11:11:40.000Z [INFO] Server started on port 3000
2026-08-17T11:11:45.000Z [INFO] Database query executed
2026-08-17T11:11:50.000Z [INFO] Server started on port 3000
2026-08-17T11:11:55.000Z [INFO] Cache hit
2026-08-17T11:12:00.000Z [INFO] Server started on port 3000
2026-08-17T11:12:05.000Z [INFO] Database query executed
2026-08-17T11:12:10.000Z [ERROR] Database connection failed: timeout
2026-08-17T11:12:15.000Z [WARN] Deprecated API called
2026-08-17T11:12:20.000Z [INFO] Connection restored
2026-08-17T11:12:25.000Z [WARN] Rate limit approaching
2026-08-17T11:12:30.000Z [INFO] User logged in: ada@example.com
2026-08-17T11:12:35.000Z [WARN] Rate limit approaching
2026-08-17T11:12:40.000Z [DEBUG] Entering function processRequest
2026-08-17T11:12:45.000Z [INFO] Server started on port 3000
2026-08-17T11:12:50.000Z [WARN] Deprecated API called
2026-08-17T11:12:55.000Z [ERROR] Rate limit exceeded
2026-08-17T11:13:00.000Z [INFO] Server started on port 3000
2026-08-17T11:13:05.000Z [INFO] Connection restored
2026-08-17T11:13:10.000Z [INFO] Request processed
2026-08-17T11:13:15.000Z [INFO] Connection restored
2026-08-17T11:13:20.000Z [DEBUG] API response received
2026-08-17T11:13:25.000Z [WARN] Memory usage high: 85%
2026-08-17T11:13:30.000Z [WARN] Slow query detected: 2500ms
2026-08-17T11:13:35.000Z [INFO] Server started on port 3000
2026-08-17T11:13:40.000Z [WARN] Rate limit approaching
2026-08-17T11:13:45.000Z [INFO] User logged in: ada@example.com
2026-08-17T11:13:50.000Z [INFO] Connection restored
2026-08-17T11:13:55.000Z [INFO] Cache hit
2026-08-17T11:14:00.000Z [INFO] Server started on port 3000
2026-08-17T11:14:05.000Z [WARN] Slow query detected: 2500ms
2026-08-17T11:14:10.000Z [INFO] Cache hit
2026-08-17T11:14:15.000Z [ERROR] Memory limit exceeded: 512MB
2026-08-17T11:14:20.000Z [INFO] Request processed
2026-08-17T11:14:25.000Z [ERROR] Memory limit exceeded: 512MB
2026-08-17T11:14:30.000Z [INFO] Database query executed
2026-08-17T11:14:35.000Z [INFO] User logged in: ada@example.com
2026-08-17T11:14:40.000Z [WARN] Deprecated API called
2026-08-17T11:14:45.000Z [INFO] Connection restored
2026-08-17T11:14:50.000Z [WARN] Deprecated API called
2026-08-17T11:14:55.000Z [INFO] Server started on port 3000
2026-08-17T11:15:00.000Z [WARN] Slow query detected: 2500ms
2026-08-17T11:15:05.000Z [WARN] Slow query detected: 2500ms
2026-08-17T11:15:10.000Z [WARN] Deprecated API called
2026-08-17T11:15:15.000Z [ERROR] File not found: /uploads/report.pdf
2026-08-17T11:15:20.000Z [INFO] Cache hit
2026-08-17T11:15:25.000Z [INFO] Server started on port 3000
2026-08-17T11:15:30.000Z [INFO] Connection restored
2026-08-17T11:15:35.000Z [INFO] Request processed
2026-08-17T11:15:40.000Z [INFO] Database query executed
2026-08-17T11:15:45.000Z [INFO] Server started on port 3000
2026-08-17T11:15:50.000Z [INFO] Server started on port 3000
2026-08-17T11:15:55.000Z [INFO] Server started on port 3000
2026-08-17T11:16:00.000Z [INFO] Connection restored
2026-08-17T11:16:05.000Z [INFO] Connection restored
2026-08-17T11:16:10.000Z [INFO] Database query executed
2026-08-17T11:16:15.000Z [INFO] Request processed
2026-08-17T11:16:20.000Z [INFO] Request processed
2026-08-17T11:16:25.000Z [INFO] Database query executed
2026-08-17T11:16:30.000Z [INFO] Server started on port 3000
2026-08-17T11:16:35.000Z [INFO] Database query executed
2026-08-17T11:16:40.000Z [ERROR] Rate limit exceeded
2026-08-17T11:16:45.000Z [INFO] Request processed
2026-08-17T11:16:50.000Z [INFO] Database query executed
2026-08-17T11:16:55.000Z [INFO] User logged in: ada@example.com
2026-08-17T11:17:00.000Z [INFO] Connection restored
2026-08-17T11:17:05.000Z [ERROR] Memory limit exceeded: 512MB
2026-08-17T11:17:10.000Z [INFO] Connection restored
2026-08-17T11:17:15.000Z [INFO] Server started on port 3000
2026-08-17T11:17:20.000Z [INFO] Connection restored
2026-08-17T11:17:25.000Z [INFO] Database query executed
2026-08-17T11:17:30.000Z [INFO] Database query executed
2026-08-17T11:17:35.000Z [ERROR] Memory limit exceeded: 512MB
2026-08-17T11:17:40.000Z [INFO] Server started on port 3000
2026-08-17T11:17:45.000Z [INFO] Request processed
2026-08-17T11:17:50.000Z [ERROR] Authentication failed for user: john@example.com
2026-08-17T11:17:55.000Z [INFO] Connection restored
2026-08-17T11:18:00.000Z [INFO] Cache hit
2026-08-17T11:18:05.000Z [INFO] Database query executed
2026-08-17T11:18:10.000Z [WARN] Rate limit approaching
2026-08-17T11:18:15.000Z [INFO] Database query executed
2026-08-17T11:18:20.000Z [WARN] Deprecated API called
2026-08-17T11:18:25.000Z [ERROR] Database connection failed: timeout
2026-08-17T11:18:30.000Z [WARN] Rate limit approaching
2026-08-17T11:18:35.000Z [INFO] Request processed
2026-08-17T11:18:40.000Z [INFO] Database query executed
2026-08-17T11:18:45.000Z [INFO] Database query executed
2026-08-17T11:18:50.000Z [INFO] Cache hit
2026-08-17T11:18:55.000Z [INFO] Connection restored
2026-08-17T11:19:00.000Z [INFO] Server started on port 3000
2026-08-17T11:19:05.000Z [WARN] Memory usage high: 85%
2026-08-17T11:19:10.000Z [WARN] Memory usage high: 85%
2026-08-17T11:19:15.000Z [INFO] Connection restored
2026-08-17T11:19:20.000Z [INFO] Database query executed
2026-08-17T11:19:25.000Z [INFO] Database query executed
2026-08-17T11:19:30.000Z [INFO] Cache hit
2026-08-17T11:19:35.000Z [INFO] Request processed
2026-08-17T11:19:40.000Z [INFO] User logged in: ada@example.com
2026-08-17T11:19:45.000Z [INFO] Server started on port 3000
2026-08-17T11:19:50.000Z [WARN] Rate limit approaching
2026-08-17T11:19:55.000Z [INFO] Server started on port 3000
2026-08-17T11:20:00.000Z [ERROR] Authentication failed for user: john@example.com
2026-08-17T11:20:05.000Z [INFO] Database query executed
2026-08-17T11:20:10.000Z [INFO] Request processed
2026-08-17T11:20:15.000Z [WARN] Rate limit approaching
2026-08-17T11:20:20.000Z [INFO] Server started on port 3000
2026-08-17T11:20:25.000Z [INFO] User logged in: ada@example.com
2026-08-17T11:20:30.000Z [INFO] User logged in: ada@example.com
2026-08-17T11:20:35.000Z [INFO] Connection restored
2026-08-17T11:20:40.000Z [INFO] Database query executed
2026-08-17T11:20:45.000Z [WARN] Slow query detected: 2500ms
2026-08-17T11:20:50.000Z [INFO] Cache hit
2026-08-17T11:20:55.000Z [INFO] Server started on port 3000
2026-08-17T11:21:00.000Z [INFO] Connection restored
2026-08-17T11:21:05.000Z [INFO] Connection restored
2026-08-17T11:21:10.000Z [WARN] Memory usage high: 85%
2026-08-17T11:21:15.000Z [INFO] Server started on port 3000
2026-08-17T11:21:20.000Z [WARN] Rate limit approaching
2026-08-17T11:21:25.000Z [INFO] Server started on port 3000
2026-08-17T11:21:30.000Z [INFO] Server started on port 3000
2026-08-17T11:21:35.000Z [INFO] Cache hit
2026-08-17T11:21:40.000Z [INFO] User logged in: ada@example.com
2026-08-17T11:21:45.000Z [INFO] Connection restored
2026-08-17T11:21:50.000Z [WARN] Deprecated API called
2026-08-17T11:21:55.000Z [WARN] Deprecated API called
2026-08-17T11:22:00.000Z [WARN] Memory usage high: 85%
2026-08-17T11:22:05.000Z [INFO] Server started on port 3000
2026-08-17T11:22:10.000Z [INFO] Database query executed
2026-08-17T11:22:15.000Z [INFO] Database query executed
2026-08-17T11:22:20.000Z [WARN] Deprecated API called
2026-08-17T11:22:25.000Z [INFO] Database query executed
2026-08-17T11:22:30.000Z [INFO] Request processed
2026-08-17T11:22:35.000Z [INFO] Database query executed
2026-08-17T11:22:40.000Z [INFO] Server started on port 3000
2026-08-17T11:22:45.000Z [INFO] User logged in: ada@example.com
2026-08-17T11:22:50.000Z [INFO] Server started on port 3000
2026-08-17T11:22:55.000Z [INFO] Request processed
2026-08-17T11:23:00.000Z [INFO] Server started on port 3000
2026-08-17T11:23:05.000Z [ERROR] File not found: /uploads/report.pdf
2026-08-17T11:23:10.000Z [INFO] Request processed
2026-08-17T11:23:15.000Z [INFO] User logged in: ada@example.com
2026-08-17T11:23:20.000Z [ERROR] Memory limit exceeded: 512MB
2026-08-17T11:23:25.000Z [ERROR] Rate limit exceeded
2026-08-17T11:23:30.000Z [DEBUG] Variable value: 42
2026-08-17T11:23:35.000Z [INFO] Database query executed
2026-08-17T11:23:40.000Z [WARN] Deprecated API called
2026-08-17T11:23:45.000Z [WARN] Memory usage high: 85%
2026-08-17T11:23:50.000Z [WARN] Rate limit approaching
2026-08-17T11:23:55.000Z [INFO] User logged in: ada@example.com
2026-08-17T11:24:00.000Z [INFO] Cache hit
2026-08-17T11:24:05.000Z [ERROR] Rate limit exceeded
2026-08-17T11:24:10.000Z [INFO] Request processed
2026-08-17T11:24:15.000Z [INFO] Connection restored
2026-08-17T11:24:20.000Z [WARN] Rate limit approaching
2026-08-17T11:24:25.000Z [INFO] Cache hit
2026-08-17T11:24:30.000Z [INFO] User logged in: ada@example.com
2026-08-17T11:24:35.000Z [WARN] Slow query detected: 2500ms
2026-08-17T11:24:40.000Z [INFO] User logged in: ada@example.com
2026-08-17T11:24:45.000Z [INFO] User logged in: ada@example.com
2026-08-17T11:24:50.000Z [WARN] Deprecated API called
2026-08-17T11:24:55.000Z [WARN] Deprecated API called
2026-08-17T11:25:00.000Z [ERROR] Rate limit exceeded
2026-08-17T11:25:05.000Z [INFO] Connection restored
2026-08-17T11:25:10.000Z [INFO] Cache hit
2026-08-17T11:25:15.000Z [WARN] Memory usage high: 85%
2026-08-17T11:25:20.000Z [INFO] Database query executed
2026-08-17T11:25:25.000Z [INFO] Server started on port 3000
2026-08-17T11:25:30.000Z [INFO] User logged in: ada@example.com
2026-08-17T11:25:35.000Z [INFO] Database query executed
2026-08-17T11:25:40.000Z [INFO] Server started on port 3000
2026-08-17T11:25:45.000Z [WARN] Memory usage high: 85%
2026-08-17T11:25:50.000Z [INFO] Cache hit
2026-08-17T11:25:55.000Z [WARN] Slow query detected: 2500ms
2026-08-17T11:26:00.000Z [INFO] Server started on port 3000
2026-08-17T11:26:05.000Z [INFO] Database query executed
2026-08-17T11:26:10.000Z [WARN] Slow query detected: 2500ms
2026-08-17T11:26:15.000Z [INFO] User logged in: ada@example.com
2026-08-17T11:26:20.000Z [INFO] Cache hit
2026-08-17T11:26:25.000Z [INFO] Cache hit
2026-08-17T11:26:30.000Z [INFO] Cache hit
2026-08-17T11:26:35.000Z [INFO] Server started on port 3000
2026-08-17T11:26:40.000Z [INFO] Connection restored
2026-08-17T11:26:45.000Z [INFO] Database query executed
2026-08-17T11:26:50.000Z [INFO] User logged in: ada@example.com
2026-08-17T11:26:55.000Z [INFO] Connection restored
2026-08-17T11:27:00.000Z [INFO] User logged in: ada@example.com
2026-08-17T11:27:05.000Z [INFO] Server started on port 3000
2026-08-17T11:27:10.000Z [INFO] Database query executed
2026-08-17T11:27:15.000Z [INFO] Database query executed
2026-08-17T11:27:20.000Z [INFO] User logged in: ada@example.com
2026-08-17T11:27:25.000Z [INFO] Connection restored
2026-08-17T11:27:30.000Z [INFO] Server started on port 3000
2026-08-17T11:27:35.000Z [INFO] Cache hit
2026-08-17T11:27:40.000Z [INFO] Request processed
2026-08-17T11:27:45.000Z [WARN] Slow query detected: 2500ms
2026-08-17T11:27:50.000Z [WARN] Slow query detected: 2500ms
2026-08-17T11:27:55.000Z [INFO] User logged in: ada@example.com
2026-08-17T11:28:00.000Z [INFO] User logged in: ada@example.com
2026-08-17T11:28:05.000Z [INFO] User logged in: ada@example.com
2026-08-17T11:28:10.000Z [WARN] Deprecated API called
2026-08-17T11:28:15.000Z [WARN] Rate limit approaching
2026-08-17T11:28:20.000Z [INFO] Request processed
2026-08-17T11:28:25.000Z [INFO] Connection restored
2026-08-17T11:28:30.000Z [INFO] Request processed
2026-08-17T11:28:35.000Z [WARN] Memory usage high: 85%
2026-08-17T11:28:40.000Z [WARN] Memory usage high: 85%
2026-08-17T11:28:45.000Z [ERROR] File not found: /uploads/report.pdf
2026-08-17T11:28:50.000Z [WARN] Rate limit approaching
2026-08-17T11:28:55.000Z [INFO] Connection restored
2026-08-17T11:29:00.000Z [INFO] Cache hit
2026-08-17T11:29:05.000Z [INFO] Database query executed
2026-08-17T11:29:10.000Z [DEBUG] API response received
2026-08-17T11:29:15.000Z [INFO] Request processed
2026-08-17T11:29:20.000Z [INFO] Database query executed
2026-08-17T11:29:25.000Z [ERROR] Database connection failed: timeout
2026-08-17T11:29:30.000Z [INFO] Database query executed
2026-08-17T11:29:35.000Z [INFO] Request processed
2026-08-17T11:29:40.000Z [INFO] User logged in: ada@example.com
2026-08-17T11:29:45.000Z [WARN] Memory usage high: 85%
2026-08-17T11:29:50.000Z [WARN] Rate limit approaching
2026-08-17T11:29:55.000Z [INFO] Server started on port 3000
2026-08-17T11:30:00.000Z [INFO] Connection restored
2026-08-17T11:30:05.000Z [ERROR] Database connection failed: timeout
2026-08-17T11:30:10.000Z [INFO] Connection restored
2026-08-17T11:30:15.000Z [ERROR] File not found: /uploads/report.pdf
2026-08-17T11:30:20.000Z [INFO] Cache hit
2026-08-17T11:30:25.000Z [INFO] Server started on port 3000
2026-08-17T11:30:30.000Z [WARN] Slow query detected: 2500ms
2026-08-17T11:30:35.000Z [INFO] Server started on port 3000
2026-08-17T11:30:40.000Z [INFO] Cache hit
2026-08-17T11:30:45.000Z [INFO] Request processed
2026-08-17T11:30:50.000Z [WARN] Memory usage high: 85%
2026-08-17T11:30:55.000Z [INFO] Connection restored
2026-08-17T11:31:00.000Z [WARN] Rate limit approaching
2026-08-17T11:31:05.000Z [INFO] Request processed
2026-08-17T11:31:10.000Z [INFO] User logged in: ada@example.com
2026-08-17T11:31:15.000Z [INFO] Connection restored
2026-08-17T11:31:20.000Z [INFO] Cache hit
2026-08-17T11:31:25.000Z [INFO] User logged in: ada@example.com
2026-08-17T11:31:30.000Z [WARN] Memory usage high: 85%
2026-08-17T11:31:35.000Z [WARN] Deprecated API called
2026-08-17T11:31:40.000Z [WARN] Rate limit approaching
2026-08-17T11:31:45.000Z [INFO] User logged in: ada@example.com
2026-08-17T11:31:50.000Z [WARN] Memory usage high: 85%
2026-08-17T11:31:55.000Z [WARN] Rate limit approaching
2026-08-17T11:32:00.000Z [INFO] Request processed
2026-08-17T11:32:05.000Z [INFO] Server started on port 3000
2026-08-17T11:32:10.000Z [INFO] Request processed
2026-08-17T11:32:15.000Z [ERROR] Authentication failed for user: john@example.com
2026-08-17T11:32:20.000Z [INFO] Server started on port 3000
2026-08-17T11:32:25.000Z [INFO] Cache hit
2026-08-17T11:32:30.000Z [INFO] Server started on port 3000
2026-08-17T11:32:35.000Z [INFO] Connection restored
2026-08-17T11:32:40.000Z [INFO] Database query executed
2026-08-17T11:32:45.000Z [WARN] Deprecated API called
2026-08-17T11:32:50.000Z [INFO] Database query executed
2026-08-17T11:32:55.000Z [INFO] Database query executed
2026-08-17T11:33:00.000Z [ERROR] Authentication failed for user: john@example.com
2026-08-17T11:33:05.000Z [INFO] Cache hit
2026-08-17T11:33:10.000Z [INFO] User logged in: ada@example.com
2026-08-17T11:33:15.000Z [INFO] Connection restored
2026-08-17T11:33:20.000Z [INFO] Request processed
2026-08-17T11:33:25.000Z [INFO] Connection restored
2026-08-17T11:33:30.000Z [INFO] Server started on port 3000
2026-08-17T11:33:35.000Z [INFO] Connection restored
2026-08-17T11:33:40.000Z [ERROR] File not found: /uploads/report.pdf
2026-08-17T11:33:45.000Z [INFO] User logged in: ada@example.com
2026-08-17T11:33:50.000Z [INFO] Server started on port 3000
2026-08-17T11:33:55.000Z [INFO] Database query executed
2026-08-17T11:34:00.000Z [WARN] Slow query detected: 2500ms
2026-08-17T11:34:05.000Z [ERROR] File not found: /uploads/report.pdf
2026-08-17T11:34:10.000Z [INFO] Server started on port 3000
2026-08-17T11:34:15.000Z [INFO] Database query executed
2026-08-17T11:34:20.000Z [INFO] Database query executed
2026-08-17T11:34:25.000Z [INFO] Cache hit
2026-08-17T11:34:30.000Z [WARN] Memory usage high: 85%
2026-08-17T11:34:35.000Z [WARN] Deprecated API called
2026-08-17T11:34:40.000Z [INFO] Cache hit
2026-08-17T11:34:45.000Z [INFO] Connection restored
2026-08-17T11:34:50.000Z [INFO] Connection restored
2026-08-17T11:34:55.000Z [INFO] Request processed
2026-08-17T11:35:00.000Z [ERROR] Authentication failed for user: john@example.com
2026-08-17T11:35:05.000Z [WARN] Memory usage high: 85%
2026-08-17T11:35:10.000Z [INFO] Server started on port 3000
2026-08-17T11:35:15.000Z [ERROR] Rate limit exceeded
2026-08-17T11:35:20.000Z [INFO] Server started on port 3000
2026-08-17T11:35:25.000Z [INFO] Server started on port 3000
2026-08-17T11:35:30.000Z [INFO] User logged in: ada@example.com
2026-08-17T11:35:35.000Z [INFO] User logged in: ada@example.com
2026-08-17T11:35:40.000Z [WARN] Slow query detected: 2500ms
2026-08-17T11:35:45.000Z [INFO] Request processed
2026-08-17T11:35:50.000Z [INFO] Database query executed
2026-08-17T11:35:55.000Z [WARN] Memory usage high: 85%
2026-08-17T11:36:00.000Z [INFO] User logged in: ada@example.com
2026-08-17T11:36:05.000Z [INFO] User logged in: ada@example.com
2026-08-17T11:36:10.000Z [INFO] Request processed
2026-08-17T11:36:15.000Z [INFO] Request processed
2026-08-17T11:36:20.000Z [ERROR] Authentication failed for user: john@example.com
2026-08-17T11:36:25.000Z [INFO] Server started on port 3000
2026-08-17T11:36:30.000Z [INFO] Database query executed
2026-08-17T11:36:35.000Z [DEBUG] API response received
2026-08-17T11:36:40.000Z [WARN] Deprecated API called
2026-08-17T11:36:45.000Z [INFO] Cache hit
2026-08-17T11:36:50.000Z [ERROR] Memory limit exceeded: 512MB
2026-08-17T11:36:55.000Z [WARN] Memory usage high: 85%
2026-08-17T11:37:00.000Z [INFO] User logged in: ada@example.com
2026-08-17T11:37:05.000Z [INFO] Cache hit
2026-08-17T11:37:10.000Z [INFO] Cache hit
2026-08-17T11:37:15.000Z [INFO] Database query executed
2026-08-17T11:37:20.000Z [INFO] Server started on port 3000
2026-08-17T11:37:25.000Z [DEBUG] Variable value: 42
2026-08-17T11:37:30.000Z [INFO] Database query executed
2026-08-17T11:37:35.000Z [INFO] Server started on port 3000
2026-08-17T11:37:40.000Z [ERROR] Rate limit exceeded
2026-08-17T11:37:45.000Z [WARN] Memory usage high: 85%
2026-08-17T11:37:50.000Z [WARN] Rate limit approaching
2026-08-17T11:37:55.000Z [INFO] Cache hit
2026-08-17T11:38:00.000Z [INFO] Connection restored
2026-08-17T11:38:05.000Z [INFO] Request processed
2026-08-17T11:38:10.000Z [INFO] Connection restored
2026-08-17T11:38:15.000Z [INFO] User logged in: ada@example.com
2026-08-17T11:38:20.000Z [WARN] Deprecated API called
2026-08-17T11:38:25.000Z [INFO] Cache hit
2026-08-17T11:38:30.000Z [INFO] User logged in: ada@example.com
2026-08-17T11:38:35.000Z [INFO] Request processed
2026-08-17T11:38:40.000Z [INFO] Request processed
2026-08-17T11:38:45.000Z [WARN] Memory usage high: 85%
2026-08-17T11:38:50.000Z [INFO] User logged in: ada@example.com
2026-08-17T11:38:55.000Z [WARN] Rate limit approaching
2026-08-17T11:39:00.000Z [WARN] Deprecated API called
2026-08-17T11:39:05.000Z [INFO] Connection restored
2026-08-17T11:39:10.000Z [DEBUG] Cache cleared
2026-08-17T11:39:15.000Z [INFO] Request processed
2026-08-17T11:39:20.000Z [INFO] Server started on port 3000
2026-08-17T11:39:25.000Z [WARN] Slow query detected: 2500ms
2026-08-17T11:39:30.000Z [WARN] Memory usage high: 85%
2026-08-17T11:39:35.000Z [INFO] Server started on port 3000
2026-08-17T11:39:40.000Z [INFO] Server started on port 3000
2026-08-17T11:39:45.000Z [INFO] Request processed
2026-08-17T11:39:50.000Z [INFO] Database query executed
2026-08-17T11:39:55.000Z [INFO] User logged in: ada@example.com
2026-08-17T11:40:00.000Z [ERROR] Rate limit exceeded
2026-08-17T11:40:05.000Z [WARN] Slow query detected: 2500ms
2026-08-17T11:40:10.000Z [INFO] Cache hit
2026-08-17T11:40:15.000Z [INFO] Request processed
2026-08-17T11:40:20.000Z [WARN] Memory usage high: 85%
2026-08-17T11:40:25.000Z [INFO] Connection restored
2026-08-17T11:40:30.000Z [INFO] User logged in: ada@example.com
2026-08-17T11:40:35.000Z [WARN] Memory usage high: 85%
2026-08-17T11:40:40.000Z [INFO] Database query executed
2026-08-17T11:40:45.000Z [INFO] Cache hit
2026-08-17T11:40:50.000Z [INFO] Cache hit
2026-08-17T11:40:55.000Z [INFO] Request processed
2026-08-17T11:41:00.000Z [ERROR] Memory limit exceeded: 512MB
2026-08-17T11:41:05.000Z [ERROR] File not found: /uploads/report.pdf
2026-08-17T11:41:10.000Z [INFO] User logged in: ada@example.com
2026-08-17T11:41:15.000Z [INFO] Server started on port 3000
2026-08-17T11:41:20.000Z [INFO] Cache hit
2026-08-17T11:41:25.000Z [WARN] Slow query detected: 2500ms
2026-08-17T11:41:30.000Z [INFO] Server started on port 3000
2026-08-17T11:41:35.000Z [INFO] Server started on port 3000
2026-08-17T11:41:40.000Z [INFO] User logged in: ada@example.com
2026-08-17T11:41:45.000Z [INFO] Database query executed
2026-08-17T11:41:50.000Z [INFO] Server started on port 3000
2026-08-17T11:41:55.000Z [INFO] Connection restored
2026-08-17T11:42:00.000Z [ERROR] Authentication failed for user: john@example.com
2026-08-17T11:42:05.000Z [WARN] Rate limit approaching
2026-08-17T11:42:10.000Z [INFO] Server started on port 3000
2026-08-17T11:42:15.000Z [INFO] Server started on port 3000
2026-08-17T11:42:20.000Z [INFO] Cache hit
2026-08-17T11:42:25.000Z [WARN] Memory usage high: 85%
2026-08-17T11:42:30.000Z [DEBUG] Variable value: 42
2026-08-17T11:42:35.000Z [INFO] User logged in: ada@example.com
2026-08-17T11:42:40.000Z [INFO] Database query executed
2026-08-17T11:42:45.000Z [INFO] Database query executed
2026-08-17T11:42:50.000Z [WARN] Slow query detected: 2500ms
2026-08-17T11:42:55.000Z [INFO] User logged in: ada@example.com
2026-08-17T11:43:00.000Z [INFO] Database query executed
2026-08-17T11:43:05.000Z [INFO] Server started on port 3000
2026-08-17T11:43:10.000Z [WARN] Slow query detected: 2500ms
2026-08-17T11:43:15.000Z [INFO] Request processed
2026-08-17T11:43:20.000Z [INFO] Database query executed
2026-08-17T11:43:25.000Z [INFO] Cache hit
2026-08-17T11:43:30.000Z [INFO] User logged in: ada@example.com
2026-08-17T11:43:35.000Z [INFO] Request processed
2026-08-17T11:43:40.000Z [WARN] Slow query detected: 2500ms
2026-08-17T11:43:45.000Z [INFO] User logged in: ada@example.com
2026-08-17T11:43:50.000Z [WARN] Slow query detected: 2500ms
2026-08-17T11:43:55.000Z [ERROR] Memory limit exceeded: 512MB
2026-08-17T11:44:00.000Z [INFO] User logged in: ada@example.com
2026-08-17T11:44:05.000Z [INFO] Database query executed
2026-08-17T11:44:10.000Z [INFO] Database query executed
2026-08-17T11:44:15.000Z [INFO] Connection restored
2026-08-17T11:44:20.000Z [INFO] Request processed
2026-08-17T11:44:25.000Z [INFO] Connection restored
2026-08-17T11:44:30.000Z [INFO] Connection restored
2026-08-17T11:44:35.000Z [DEBUG] Cache cleared
2026-08-17T11:44:40.000Z [WARN] Deprecated API called
2026-08-17T11:44:45.000Z [INFO] Connection restored
2026-08-17T11:44:50.000Z [INFO] Connection restored
2026-08-17T11:44:55.000Z [INFO] Database query executed
2026-08-17T11:45:00.000Z [INFO] Server started on port 3000
2026-08-17T11:45:05.000Z [INFO] Database query executed
2026-08-17T11:45:10.000Z [ERROR] File not found: /uploads/report.pdf
2026-08-17T11:45:15.000Z [WARN] Rate limit approaching
2026-08-17T11:45:20.000Z [WARN] Rate limit approaching
2026-08-17T11:45:25.000Z [ERROR] Database connection failed: timeout
2026-08-17T11:45:30.000Z [INFO] Database query executed
2026-08-17T11:45:35.000Z [INFO] Server started on port 3000
2026-08-17T11:45:40.000Z [WARN] Rate limit approaching
2026-08-17T11:45:45.000Z [INFO] Database query executed
2026-08-17T11:45:50.000Z [INFO] User logged in: ada@example.com
2026-08-17T11:45:55.000Z [DEBUG] Entering function processRequest
2026-08-17T11:46:00.000Z [WARN] Deprecated API called
2026-08-17T11:46:05.000Z [INFO] Connection restored
2026-08-17T11:46:10.000Z [INFO] Connection restored
2026-08-17T11:46:15.000Z [INFO] Server started on port 3000
2026-08-17T11:46:20.000Z [INFO] Server started on port 3000
2026-08-17T11:46:25.000Z [INFO] Cache hit
2026-08-17T11:46:30.000Z [INFO] Request processed
2026-08-17T11:46:35.000Z [INFO] Cache hit
2026-08-17T11:46:40.000Z [INFO] Cache hit
2026-08-17T11:46:45.000Z [INFO] Server started on port 3000
2026-08-17T11:46:50.000Z [INFO] Connection restored
2026-08-17T11:46:55.000Z [INFO] Server started on port 3000
2026-08-17T11:47:00.000Z [INFO] Request processed
2026-08-17T11:47:05.000Z [INFO] Server started on port 3000
2026-08-17T11:47:10.000Z [INFO] Request processed
2026-08-17T11:47:15.000Z [INFO] User logged in: ada@example.com
2026-08-17T11:47:20.000Z [INFO] Request processed
2026-08-17T11:47:25.000Z [WARN] Rate limit approaching
2026-08-17T11:47:30.000Z [INFO] Cache hit
2026-08-17T11:47:35.000Z [INFO] Cache hit
2026-08-17T11:47:40.000Z [INFO] Connection restored
2026-08-17T11:47:45.000Z [INFO] Database query executed
2026-08-17T11:47:50.000Z [INFO] Cache hit
2026-08-17T11:47:55.000Z [INFO] Cache hit
2026-08-17T11:48:00.000Z [INFO] Server started on port 3000
2026-08-17T11:48:05.000Z [INFO] Request processed
2026-08-17T11:48:10.000Z [INFO] User logged in: ada@example.com
2026-08-17T11:48:15.000Z [ERROR] File not found: /uploads/report.pdf
2026-08-17T11:48:20.000Z [INFO] Connection restored
2026-08-17T11:48:25.000Z [INFO] Cache hit
2026-08-17T11:48:30.000Z [INFO] Server started on port 3000
2026-08-17T11:48:35.000Z [DEBUG] Variable value: 42
2026-08-17T11:48:40.000Z [INFO] Request processed
2026-08-17T11:48:45.000Z [INFO] User logged in: ada@example.com
2026-08-17T11:48:50.000Z [INFO] Server started on port 3000
2026-08-17T11:48:55.000Z [INFO] Request processed
2026-08-17T11:49:00.000Z [INFO] Request processed
2026-08-17T11:49:05.000Z [INFO] Connection restored
2026-08-17T11:49:10.000Z [DEBUG] Cache cleared
2026-08-17T11:49:15.000Z [INFO] Server started on port 3000
2026-08-17T11:49:20.000Z [INFO] Database query executed
2026-08-17T11:49:25.000Z [INFO] Request processed
2026-08-17T11:49:30.000Z [WARN] Rate limit approaching
2026-08-17T11:49:35.000Z [WARN] Deprecated API called
2026-08-17T11:49:40.000Z [INFO] Connection restored
2026-08-17T11:49:45.000Z [INFO] Database query executed
2026-08-17T11:49:50.000Z [INFO] Connection restored
2026-08-17T11:49:55.000Z [DEBUG] Variable value: 42
2026-08-17T11:50:00.000Z [WARN] Memory usage high: 85%
2026-08-17T11:50:05.000Z [WARN] Slow query detected: 2500ms
2026-08-17T11:50:10.000Z [INFO] Request processed
2026-08-17T11:50:15.000Z [INFO] Cache hit
2026-08-17T11:50:20.000Z [INFO] Cache hit
2026-08-17T11:50:25.000Z [INFO] Request processed
2026-08-17T11:50:30.000Z [INFO] Connection restored
2026-08-17T11:50:35.000Z [WARN] Deprecated API called
2026-08-17T11:50:40.000Z [ERROR] Rate limit exceeded
2026-08-17T11:50:45.000Z [INFO] User logged in: ada@example.com
2026-08-17T11:50:50.000Z [WARN] Memory usage high: 85%
2026-08-17T11:50:55.000Z [INFO] Connection restored
2026-08-17T11:51:00.000Z [INFO] Request processed
2026-08-17T11:51:05.000Z [INFO] Request processed
2026-08-17T11:51:10.000Z [INFO] Database query executed
2026-08-17T11:51:15.000Z [INFO] Request processed
2026-08-17T11:51:20.000Z [WARN] Rate limit approaching
2026-08-17T11:51:25.000Z [INFO] Database query executed
2026-08-17T11:51:30.000Z [WARN] Deprecated API called
2026-08-17T11:51:35.000Z [INFO] Request processed
2026-08-17T11:51:40.000Z [ERROR] Rate limit exceeded
2026-08-17T11:51:45.000Z [INFO] Cache hit
2026-08-17T11:51:50.000Z [ERROR] File not found: /uploads/report.pdf
2026-08-17T11:51:55.000Z [DEBUG] API response received
2026-08-17T11:52:00.000Z [INFO] Database query executed
2026-08-17T11:52:05.000Z [INFO] User logged in: ada@example.com
2026-08-17T11:52:10.000Z [WARN] Slow query detected: 2500ms
2026-08-17T11:52:15.000Z [WARN] Deprecated API called
2026-08-17T11:52:20.000Z [INFO] Cache hit
2026-08-17T11:52:25.000Z [INFO] Request processed
2026-08-17T11:52:30.000Z [INFO] Server started on port 3000
2026-08-17T11:52:35.000Z [INFO] Server started on port 3000
2026-08-17T11:52:40.000Z [INFO] Server started on port 3000
2026-08-17T11:52:45.000Z [INFO] User logged in: ada@example.com
2026-08-17T11:52:50.000Z [INFO] Connection restored
2026-08-17T11:52:55.000Z [WARN] Deprecated API called
2026-08-17T11:53:00.000Z [INFO] User logged in: ada@example.com
2026-08-17T11:53:05.000Z [INFO] Server started on port 3000
2026-08-17T11:53:10.000Z [WARN] Slow query detected: 2500ms
2026-08-17T11:53:15.000Z [INFO] Server started on port 3000
2026-08-17T11:53:20.000Z [INFO] Server started on port 3000
2026-08-17T11:53:25.000Z [WARN] Rate limit approaching
2026-08-17T11:53:30.000Z [ERROR] Authentication failed for user: john@example.com
2026-08-17T11:53:35.000Z [INFO] Server started on port 3000
2026-08-17T11:53:40.000Z [INFO] Cache hit
2026-08-17T11:53:45.000Z [INFO] Cache hit
2026-08-17T11:53:50.000Z [INFO] Cache hit
2026-08-17T11:53:55.000Z [INFO] Server started on port 3000
2026-08-17T11:54:00.000Z [INFO] Request processed
2026-08-17T11:54:05.000Z [WARN] Memory usage high: 85%
2026-08-17T11:54:10.000Z [INFO] Server started on port 3000
2026-08-17T11:54:15.000Z [INFO] User logged in: ada@example.com
2026-08-17T11:54:20.000Z [WARN] Memory usage high: 85%
2026-08-17T11:54:25.000Z [INFO] Cache hit
2026-08-17T11:54:30.000Z [INFO] Database query executed
2026-08-17T11:54:35.000Z [INFO] Request processed
2026-08-17T11:54:40.000Z [WARN] Rate limit approaching
2026-08-17T11:54:45.000Z [INFO] User logged in: ada@example.com
2026-08-17T11:54:50.000Z [DEBUG] API response received
2026-08-17T11:54:55.000Z [ERROR] Database connection failed: timeout
2026-08-17T11:55:00.000Z [INFO] Server started on port 3000
2026-08-17T11:55:05.000Z [INFO] Server started on port 3000
2026-08-17T11:55:10.000Z [INFO] User logged in: ada@example.com
2026-08-17T11:55:15.000Z [INFO] User logged in: ada@example.com
2026-08-17T11:55:20.000Z [INFO] Request processed
2026-08-17T11:55:25.000Z [INFO] Connection restored
2026-08-17T11:55:30.000Z [INFO] Database query executed
2026-08-17T11:55:35.000Z [INFO] Cache hit
2026-08-17T11:55:40.000Z [INFO] User logged in: ada@example.com
2026-08-17T11:55:45.000Z [INFO] User logged in: ada@example.com
2026-08-17T11:55:50.000Z [WARN] Memory usage high: 85%
2026-08-17T11:55:55.000Z [INFO] Request processed
2026-08-17T11:56:00.000Z [INFO] User logged in: ada@example.com
2026-08-17T11:56:05.000Z [ERROR] Memory limit exceeded: 512MB
2026-08-17T11:56:10.000Z [INFO] User logged in: ada@example.com
2026-08-17T11:56:15.000Z [INFO] Request processed
2026-08-17T11:56:20.000Z [INFO] User logged in: ada@example.com
2026-08-17T11:56:25.000Z [INFO] Server started on port 3000
2026-08-17T11:56:30.000Z [INFO] Request processed
2026-08-17T11:56:35.000Z [INFO] Connection restored
2026-08-17T11:56:40.000Z [INFO] Connection restored
2026-08-17T11:56:45.000Z [INFO] Request processed
2026-08-17T11:56:50.000Z [INFO] Server started on port 3000
2026-08-17T11:56:55.000Z [INFO] Server started on port 3000
2026-08-17T11:57:00.000Z [ERROR] Memory limit exceeded: 512MB
2026-08-17T11:57:05.000Z [INFO] User logged in: ada@example.com
2026-08-17T11:57:10.000Z [INFO] Request processed
2026-08-17T11:57:15.000Z [INFO] User logged in: ada@example.com
2026-08-17T11:57:20.000Z [INFO] Database query executed
2026-08-17T11:57:25.000Z [INFO] Connection restored
2026-08-17T11:57:30.000Z [INFO] Server started on port 3000
2026-08-17T11:57:35.000Z [INFO] User logged in: ada@example.com
2026-08-17T11:57:40.000Z [DEBUG] Cache cleared
2026-08-17T11:57:45.000Z [INFO] Request processed
2026-08-17T11:57:50.000Z [INFO] Cache hit
2026-08-17T11:57:55.000Z [INFO] Request processed
2026-08-17T11:58:00.000Z [WARN] Slow query detected: 2500ms
2026-08-17T11:58:05.000Z [INFO] Request processed
2026-08-17T11:58:10.000Z [INFO] Connection restored
2026-08-17T11:58:15.000Z [INFO] Cache hit
2026-08-17T11:58:20.000Z [INFO] Server started on port 3000
2026-08-17T11:58:25.000Z [INFO] Server started on port 3000
2026-08-17T11:58:30.000Z [WARN] Deprecated API called
2026-08-17T11:58:35.000Z [ERROR] Authentication failed for user: john@example.com
2026-08-17T11:58:40.000Z [INFO] Server started on port 3000
2026-08-17T11:58:45.000Z [WARN] Deprecated API called
2026-08-17T11:58:50.000Z [INFO] Request processed
2026-08-17T11:58:55.000Z [INFO] Cache hit
2026-08-17T11:59:00.000Z [INFO] Request processed
2026-08-17T11:59:05.000Z [INFO] Server started on port 3000
2026-08-17T11:59:10.000Z [INFO] Request processed
2026-08-17T11:59:15.000Z [INFO] Request processed
2026-08-17T11:59:20.000Z [INFO] User logged in: ada@example.com
2026-08-17T11:59:25.000Z [INFO] Database query executed
2026-08-17T11:59:30.000Z [INFO] Cache hit
2026-08-17T11:59:35.000Z [WARN] Memory usage high: 85%
2026-08-17T11:59:40.000Z [INFO] Connection restored
2026-08-17T11:59:45.000Z [WARN] Memory usage high: 85%
2026-08-17T11:59:50.000Z [INFO] Server started on port 3000
2026-08-17T11:59:55.000Z [INFO] Request processed
2026-08-17T12:00:00.000Z [INFO] Cache hit
2026-08-17T12:00:05.000Z [DEBUG] Variable value: 42
2026-08-17T12:00:10.000Z [INFO] Cache hit
2026-08-17T12:00:15.000Z [INFO] Server started on port 3000
2026-08-17T12:00:20.000Z [INFO] Cache hit
2026-08-17T12:00:25.000Z [INFO] Connection restored
2026-08-17T12:00:30.000Z [ERROR] Database connection failed: timeout
2026-08-17T12:00:35.000Z [INFO] Server started on port 3000
2026-08-17T12:00:40.000Z [INFO] Database query executed
2026-08-17T12:00:45.000Z [INFO] User logged in: ada@example.com
2026-08-17T12:00:50.000Z [WARN] Rate limit approaching
2026-08-17T12:00:55.000Z [WARN] Slow query detected: 2500ms
2026-08-17T12:01:00.000Z [WARN] Rate limit approaching
2026-08-17T12:01:05.000Z [INFO] User logged in: ada@example.com
2026-08-17T12:01:10.000Z [INFO] Server started on port 3000
2026-08-17T12:01:15.000Z [INFO] User logged in: ada@example.com
2026-08-17T12:01:20.000Z [INFO] Server started on port 3000
2026-08-17T12:01:25.000Z [INFO] Request processed
2026-08-17T12:01:30.000Z [WARN] Deprecated API called
2026-08-17T12:01:35.000Z [INFO] Server started on port 3000
2026-08-17T12:01:40.000Z [INFO] Request processed
2026-08-17T12:01:45.000Z [WARN] Slow query detected: 2500ms
2026-08-17T12:01:50.000Z [INFO] Request processed
2026-08-17T12:01:55.000Z [INFO] Cache hit
2026-08-17T12:02:00.000Z [INFO] Request processed
2026-08-17T12:02:05.000Z [INFO] Database query executed
2026-08-17T12:02:10.000Z [INFO] Cache hit
2026-08-17T12:02:15.000Z [WARN] Slow query detected: 2500ms
2026-08-17T12:02:20.000Z [INFO] Cache hit
2026-08-17T12:02:25.000Z [INFO] User logged in: ada@example.com
2026-08-17T12:02:30.000Z [INFO] Request processed
2026-08-17T12:02:35.000Z [INFO] Connection restored
2026-08-17T12:02:40.000Z [INFO] Server started on port 3000
2026-08-17T12:02:45.000Z [WARN] Memory usage high: 85%
2026-08-17T12:02:50.000Z [INFO] Request processed
2026-08-17T12:02:55.000Z [WARN] Slow query detected: 2500ms
2026-08-17T12:03:00.000Z [INFO] User logged in: ada@example.com
2026-08-17T12:03:05.000Z [WARN] Memory usage high: 85%
2026-08-17T12:03:10.000Z [INFO] Cache hit
2026-08-17T12:03:15.000Z [DEBUG] Variable value: 42
2026-08-17T12:03:20.000Z [INFO] Cache hit
2026-08-17T12:03:25.000Z [INFO] Connection restored
2026-08-17T12:03:30.000Z [INFO] Server started on port 3000
2026-08-17T12:03:35.000Z [INFO] Connection restored
2026-08-17T12:03:40.000Z [INFO] Request processed
2026-08-17T12:03:45.000Z [WARN] Slow query detected: 2500ms
2026-08-17T12:03:50.000Z [ERROR] Rate limit exceeded
2026-08-17T12:03:55.000Z [INFO] Request processed
2026-08-17T12:04:00.000Z [INFO] Cache hit
2026-08-17T12:04:05.000Z [INFO] Connection restored
2026-08-17T12:04:10.000Z [INFO] Database query executed
2026-08-17T12:04:15.000Z [INFO] Cache hit
2026-08-17T12:04:20.000Z [WARN] Deprecated API called
2026-08-17T12:04:25.000Z [INFO] Connection restored
2026-08-17T12:04:30.000Z [INFO] Request processed
2026-08-17T12:04:35.000Z [INFO] Connection restored
2026-08-17T12:04:40.000Z [INFO] User logged in: ada@example.com
2026-08-17T12:04:45.000Z [WARN] Slow query detected: 2500ms
2026-08-17T12:04:50.000Z [INFO] Server started on port 3000
2026-08-17T12:04:55.000Z [INFO] Request processed
2026-08-17T12:05:00.000Z [WARN] Memory usage high: 85%
2026-08-17T12:05:05.000Z [INFO] Database query executed
2026-08-17T12:05:10.000Z [INFO] Request processed
2026-08-17T12:05:15.000Z [INFO] Request processed
2026-08-17T12:05:20.000Z [INFO] Database query executed
2026-08-17T12:05:25.000Z [INFO] User logged in: ada@example.com
2026-08-17T12:05:30.000Z [WARN] Memory usage high: 85%
2026-08-17T12:05:35.000Z [INFO] User logged in: ada@example.com
2026-08-17T12:05:40.000Z [INFO] Request processed
2026-08-17T12:05:45.000Z [INFO] Connection restored
2026-08-17T12:05:50.000Z [WARN] Rate limit approaching
2026-08-17T12:05:55.000Z [WARN] Rate limit approaching
2026-08-17T12:06:00.000Z [INFO] Cache hit
2026-08-17T12:06:05.000Z [INFO] User logged in: ada@example.com
2026-08-17T12:06:10.000Z [INFO] Request processed
2026-08-17T12:06:15.000Z [INFO] Cache hit
2026-08-17T12:06:20.000Z [ERROR] Memory limit exceeded: 512MB
2026-08-17T12:06:25.000Z [INFO] Database query executed
2026-08-17T12:06:30.000Z [INFO] Database query executed
2026-08-17T12:06:35.000Z [WARN] Deprecated API called
2026-08-17T12:06:40.000Z [INFO] Database query executed
2026-08-17T12:06:45.000Z [INFO] Cache hit
2026-08-17T12:06:50.000Z [WARN] Slow query detected: 2500ms
2026-08-17T12:06:55.000Z [INFO] Connection restored
2026-08-17T12:07:00.000Z [INFO] Request processed
2026-08-17T12:07:05.000Z [INFO] Server started on port 3000
2026-08-17T12:07:10.000Z [WARN] Memory usage high: 85%
2026-08-17T12:07:15.000Z [INFO] User logged in: ada@example.com
2026-08-17T12:07:20.000Z [WARN] Memory usage high: 85%
2026-08-17T12:07:25.000Z [ERROR] Authentication failed for user: john@example.com
2026-08-17T12:07:30.000Z [WARN] Deprecated API called
2026-08-17T12:07:35.000Z [ERROR] File not found: /uploads/report.pdf
2026-08-17T12:07:40.000Z [INFO] Request processed
2026-08-17T12:07:45.000Z [INFO] Database query executed
2026-08-17T12:07:50.000Z [WARN] Rate limit approaching
2026-08-17T12:07:55.000Z [INFO] Database query executed
2026-08-17T12:08:00.000Z [INFO] Cache hit
2026-08-17T12:08:05.000Z [INFO] User logged in: ada@example.com
2026-08-17T12:08:10.000Z [INFO] Server started on port 3000
2026-08-17T12:08:15.000Z [INFO] Request processed
2026-08-17T12:08:20.000Z [ERROR] Authentication failed for user: john@example.com
2026-08-17T12:08:25.000Z [WARN] Deprecated API called
2026-08-17T12:08:30.000Z [INFO] Request processed
2026-08-17T12:08:35.000Z [INFO] Database query executed
2026-08-17T12:08:40.000Z [INFO] Connection restored
2026-08-17T12:08:45.000Z [INFO] Server started on port 3000
2026-08-17T12:08:50.000Z [INFO] Database query executed
2026-08-17T12:08:55.000Z [INFO] Server started on port 3000
2026-08-17T12:09:00.000Z [INFO] Cache hit
2026-08-17T12:09:05.000Z [WARN] Deprecated API called
2026-08-17T12:09:10.000Z [INFO] Cache hit
2026-08-17T12:09:15.000Z [INFO] Cache hit
2026-08-17T12:09:20.000Z [INFO] Request processed
2026-08-17T12:09:25.000Z [INFO] Database query executed
2026-08-17T12:09:30.000Z [ERROR] Authentication failed for user: john@example.com
2026-08-17T12:09:35.000Z [INFO] Database query executed
2026-08-17T12:09:40.000Z [INFO] Cache hit
2026-08-17T12:09:45.000Z [INFO] Request processed
2026-08-17T12:09:50.000Z [INFO] Server started on port 3000
2026-08-17T12:09:55.000Z [INFO] Database query executed
2026-08-17T12:10:00.000Z [INFO] Connection restored
2026-08-17T12:10:05.000Z [DEBUG] API response received
2026-08-17T12:10:10.000Z [INFO] Database query executed
2026-08-17T12:10:15.000Z [INFO] User logged in: ada@example.com
2026-08-17T12:10:20.000Z [INFO] User logged in: ada@example.com
2026-08-17T12:10:25.000Z [WARN] Deprecated API called
2026-08-17T12:10:30.000Z [INFO] User logged in: ada@example.com
2026-08-17T12:10:35.000Z [WARN] Slow query detected: 2500ms
2026-08-17T12:10:40.000Z [WARN] Memory usage high: 85%
2026-08-17T12:10:45.000Z [INFO] Cache hit
2026-08-17T12:10:50.000Z [INFO] Cache hit
2026-08-17T12:10:55.000Z [INFO] Cache hit
2026-08-17T12:11:00.000Z [INFO] Server started on port 3000
2026-08-17T12:11:05.000Z [INFO] Database query executed
2026-08-17T12:11:10.000Z [INFO] Database query executed
2026-08-17T12:11:15.000Z [DEBUG] Variable value: 42
2026-08-17T12:11:20.000Z [INFO] Request processed
2026-08-17T12:11:25.000Z [INFO] User logged in: ada@example.com
2026-08-17T12:11:30.000Z [WARN] Memory usage high: 85%
2026-08-17T12:11:35.000Z [INFO] User logged in: ada@example.com
2026-08-17T12:11:40.000Z [ERROR] Memory limit exceeded: 512MB
2026-08-17T12:11:45.000Z [INFO] Server started on port 3000
2026-08-17T12:11:50.000Z [INFO] Cache hit
2026-08-17T12:11:55.000Z [ERROR] Database connection failed: timeout
2026-08-17T12:12:00.000Z [INFO] Database query executed
2026-08-17T12:12:05.000Z [INFO] User logged in: ada@example.com
2026-08-17T12:12:10.000Z [INFO] User logged in: ada@example.com
2026-08-17T12:12:15.000Z [ERROR] Database connection failed: timeout
2026-08-17T12:12:20.000Z [INFO] Cache hit
2026-08-17T12:12:25.000Z [INFO] Cache hit
2026-08-17T12:12:30.000Z [DEBUG] API response received
2026-08-17T12:12:35.000Z [INFO] Server started on port 3000
2026-08-17T12:12:40.000Z [INFO] Server started on port 3000
2026-08-17T12:12:45.000Z [INFO] Cache hit
2026-08-17T12:12:50.000Z [WARN] Memory usage high: 85%
2026-08-17T12:12:55.000Z [ERROR] Rate limit exceeded
2026-08-17T12:13:00.000Z [INFO] Request processed
2026-08-17T12:13:05.000Z [INFO] Server started on port 3000
2026-08-17T12:13:10.000Z [WARN] Rate limit approaching
2026-08-17T12:13:15.000Z [INFO] Request processed
2026-08-17T12:13:20.000Z [INFO] Connection restored
2026-08-17T12:13:25.000Z [INFO] Request processed
2026-08-17T12:13:30.000Z [WARN] Deprecated API called
2026-08-17T12:13:35.000Z [WARN] Memory usage high: 85%
2026-08-17T12:13:40.000Z [INFO] Connection restored
2026-08-17T12:13:45.000Z [INFO] Cache hit
2026-08-17T12:13:50.000Z [INFO] Cache hit
2026-08-17T12:13:55.000Z [ERROR] Rate limit exceeded
2026-08-17T12:14:00.000Z [INFO] Database query executed
2026-08-17T12:14:05.000Z [INFO] Server started on port 3000
2026-08-17T12:14:10.000Z [INFO] Connection restored
2026-08-17T12:14:15.000Z [INFO] Connection restored
2026-08-17T12:14:20.000Z [INFO] Cache hit
2026-08-17T12:14:25.000Z [INFO] Cache hit
2026-08-17T12:14:30.000Z [WARN] Rate limit approaching
2026-08-17T12:14:35.000Z [INFO] Cache hit
2026-08-17T12:14:40.000Z [DEBUG] Variable value: 42
2026-08-17T12:14:45.000Z [WARN] Slow query detected: 2500ms
2026-08-17T12:14:50.000Z [WARN] Deprecated API called
2026-08-17T12:14:55.000Z [INFO] Cache hit
2026-08-17T12:15:00.000Z [INFO] Database query executed
2026-08-17T12:15:05.000Z [INFO] Database query executed
2026-08-17T12:15:10.000Z [INFO] User logged in: ada@example.com
2026-08-17T12:15:15.000Z [INFO] Request processed
2026-08-17T12:15:20.000Z [INFO] Database query executed
2026-08-17T12:15:25.000Z [INFO] Server started on port 3000
2026-08-17T12:15:30.000Z [INFO] Database query executed
2026-08-17T12:15:35.000Z [WARN] Memory usage high: 85%
2026-08-17T12:15:40.000Z [ERROR] Database connection failed: timeout
2026-08-17T12:15:45.000Z [WARN] Memory usage high: 85%
2026-08-17T12:15:50.000Z [WARN] Memory usage high: 85%
2026-08-17T12:15:55.000Z [INFO] Request processed
2026-08-17T12:16:00.000Z [WARN] Slow query detected: 2500ms
2026-08-17T12:16:05.000Z [ERROR] Memory limit exceeded: 512MB
2026-08-17T12:16:10.000Z [WARN] Deprecated API called
2026-08-17T12:16:15.000Z [INFO] Connection restored
2026-08-17T12:16:20.000Z [INFO] User logged in: ada@example.com
2026-08-17T12:16:25.000Z [INFO] User logged in: ada@example.com
2026-08-17T12:16:30.000Z [INFO] Request processed
2026-08-17T12:16:35.000Z [WARN] Deprecated API called
2026-08-17T12:16:40.000Z [INFO] Database query executed
2026-08-17T12:16:45.000Z [DEBUG] API response received
2026-08-17T12:16:50.000Z [INFO] Cache hit
2026-08-17T12:16:55.000Z [WARN] Rate limit approaching
2026-08-17T12:17:00.000Z [INFO] Database query executed
2026-08-17T12:17:05.000Z [INFO] Server started on port 3000
2026-08-17T12:17:10.000Z [INFO] User logged in: ada@example.com
2026-08-17T12:17:15.000Z [INFO] Cache hit
2026-08-17T12:17:20.000Z [ERROR] Database connection failed: timeout
2026-08-17T12:17:25.000Z [INFO] Cache hit
2026-08-17T12:17:30.000Z [WARN] Rate limit approaching
2026-08-17T12:17:35.000Z [INFO] Connection restored
2026-08-17T12:17:40.000Z [WARN] Slow query detected: 2500ms
2026-08-17T12:17:45.000Z [WARN] Memory usage high: 85%
2026-08-17T12:17:50.000Z [INFO] Database query executed
2026-08-17T12:17:55.000Z [ERROR] Database connection failed: timeout
2026-08-17T12:18:00.000Z [WARN] Memory usage high: 85%
2026-08-17T12:18:05.000Z [INFO] Database query executed
2026-08-17T12:18:10.000Z [INFO] Connection restored
2026-08-17T12:18:15.000Z [INFO] Request processed
2026-08-17T12:18:20.000Z [INFO] Server started on port 3000
2026-08-17T12:18:25.000Z [INFO] Cache hit
2026-08-17T12:18:30.000Z [INFO] User logged in: ada@example.com
2026-08-17T12:18:35.000Z [INFO] Request processed
2026-08-17T12:18:40.000Z [DEBUG] Entering function processRequest
2026-08-17T12:18:45.000Z [INFO] Cache hit
2026-08-17T12:18:50.000Z [INFO] Database query executed
2026-08-17T12:18:55.000Z [INFO] Server started on port 3000
2026-08-17T12:19:00.000Z [INFO] Cache hit
2026-08-17T12:19:05.000Z [INFO] Connection restored
2026-08-17T12:19:10.000Z [INFO] Server started on port 3000
2026-08-17T12:19:15.000Z [INFO] Cache hit
2026-08-17T12:19:20.000Z [INFO] Cache hit
2026-08-17T12:19:25.000Z [INFO] User logged in: ada@example.com
2026-08-17T12:19:30.000Z [INFO] Connection restored
2026-08-17T12:19:35.000Z [WARN] Slow query detected: 2500ms
2026-08-17T12:19:40.000Z [INFO] Server started on port 3000
2026-08-17T12:19:45.000Z [INFO] Server started on port 3000
2026-08-17T12:19:50.000Z [INFO] Connection restored
2026-08-17T12:19:55.000Z [INFO] Connection restored
2026-08-17T12:20:00.000Z [ERROR] Memory limit exceeded: 512MB
2026-08-17T12:20:05.000Z [WARN] Memory usage high: 85%
2026-08-17T12:20:10.000Z [INFO] Database query executed
2026-08-17T12:20:15.000Z [INFO] Cache hit
2026-08-17T12:20:20.000Z [INFO] User logged in: ada@example.com
2026-08-17T12:20:25.000Z [WARN] Slow query detected: 2500ms
2026-08-17T12:20:30.000Z [INFO] Request processed
2026-08-17T12:20:35.000Z [INFO] Request processed
2026-08-17T12:20:40.000Z [WARN] Memory usage high: 85%
2026-08-17T12:20:45.000Z [ERROR] Database connection failed: timeout
2026-08-17T12:20:50.000Z [WARN] Deprecated API called
2026-08-17T12:20:55.000Z [WARN] Slow query detected: 2500ms
2026-08-17T12:21:00.000Z [INFO] Request processed
2026-08-17T12:21:05.000Z [INFO] Cache hit
2026-08-17T12:21:10.000Z [ERROR] Authentication failed for user: john@example.com
2026-08-17T12:21:15.000Z [INFO] Server started on port 3000
2026-08-17T12:21:20.000Z [INFO] Server started on port 3000
2026-08-17T12:21:25.000Z [INFO] Connection restored
2026-08-17T12:21:30.000Z [INFO] User logged in: ada@example.com
2026-08-17T12:21:35.000Z [INFO] Request processed
2026-08-17T12:21:40.000Z [INFO] Database query executed
2026-08-17T12:21:45.000Z [WARN] Deprecated API called
2026-08-17T12:21:50.000Z [WARN] Deprecated API called
2026-08-17T12:21:55.000Z [WARN] Deprecated API called
2026-08-17T12:22:00.000Z [INFO] Database query executed
2026-08-17T12:22:05.000Z [INFO] User logged in: ada@example.com
2026-08-17T12:22:10.000Z [ERROR] Authentication failed for user: john@example.com
2026-08-17T12:22:15.000Z [ERROR] Memory limit exceeded: 512MB
2026-08-17T12:22:20.000Z [INFO] Server started on port 3000
2026-08-17T12:22:25.000Z [INFO] Request processed
2026-08-17T12:22:30.000Z [INFO] Server started on port 3000
2026-08-17T12:22:35.000Z [WARN] Memory usage high: 85%
2026-08-17T12:22:40.000Z [INFO] Database query executed
2026-08-17T12:22:45.000Z [INFO] User logged in: ada@example.com
2026-08-17T12:22:50.000Z [INFO] Database query executed
2026-08-17T12:22:55.000Z [WARN] Rate limit approaching
2026-08-17T12:23:00.000Z [INFO] Request processed
2026-08-17T12:23:05.000Z [WARN] Slow query detected: 2500ms
2026-08-17T12:23:10.000Z [WARN] Memory usage high: 85%
2026-08-17T12:23:15.000Z [INFO] Cache hit
2026-08-17T12:23:20.000Z [INFO] Database query executed
2026-08-17T12:23:25.000Z [WARN] Memory usage high: 85%
2026-08-17T12:23:30.000Z [INFO] Request processed
2026-08-17T12:23:35.000Z [INFO] Connection restored
2026-08-17T12:23:40.000Z [INFO] Request processed
2026-08-17T12:23:45.000Z [INFO] Connection restored
2026-08-17T12:23:50.000Z [WARN] Deprecated API called
2026-08-17T12:23:55.000Z [INFO] User logged in: ada@example.com
2026-08-17T12:24:00.000Z [INFO] Connection restored
2026-08-17T12:24:05.000Z [INFO] User logged in: ada@example.com
2026-08-17T12:24:10.000Z [INFO] User logged in: ada@example.com
2026-08-17T12:24:15.000Z [ERROR] Authentication failed for user: john@example.com
2026-08-17T12:24:20.000Z [INFO] Server started on port 3000
2026-08-17T12:24:25.000Z [INFO] Database query executed
2026-08-17T12:24:30.000Z [INFO] User logged in: ada@example.com
2026-08-17T12:24:35.000Z [INFO] Server started on port 3000
2026-08-17T12:24:40.000Z [WARN] Rate limit approaching
2026-08-17T12:24:45.000Z [INFO] Database query executed
2026-08-17T12:24:50.000Z [WARN] Memory usage high: 85%
2026-08-17T12:24:55.000Z [INFO] User logged in: ada@example.com
2026-08-17T12:25:00.000Z [INFO] Request processed
2026-08-17T12:25:05.000Z [ERROR] Rate limit exceeded
2026-08-17T12:25:10.000Z [WARN] Deprecated API called
2026-08-17T12:25:15.000Z [INFO] Connection restored
2026-08-17T12:25:20.000Z [ERROR] Memory limit exceeded: 512MB
2026-08-17T12:25:25.000Z [INFO] User logged in: ada@example.com
2026-08-17T12:25:30.000Z [INFO] Request processed
2026-08-17T12:25:35.000Z [INFO] Database query executed
2026-08-17T12:25:40.000Z [WARN] Rate limit approaching
2026-08-17T12:25:45.000Z [INFO] Server started on port 3000
2026-08-17T12:25:50.000Z [INFO] User logged in: ada@example.com
2026-08-17T12:25:55.000Z [INFO] User logged in: ada@example.com
2026-08-17T12:26:00.000Z [WARN] Slow query detected: 2500ms
2026-08-17T12:26:05.000Z [INFO] Connection restored
2026-08-17T12:26:10.000Z [INFO] Server started on port 3000
2026-08-17T12:26:15.000Z [INFO] User logged in: ada@example.com
2026-08-17T12:26:20.000Z [WARN] Deprecated API called
2026-08-17T12:26:25.000Z [INFO] Request processed
2026-08-17T12:26:30.000Z [INFO] Request processed
2026-08-17T12:26:35.000Z [INFO] Server started on port 3000
2026-08-17T12:26:40.000Z [ERROR] File not found: /uploads/report.pdf
2026-08-17T12:26:45.000Z [INFO] Database query executed
2026-08-17T12:26:50.000Z [INFO] User logged in: ada@example.com
2026-08-17T12:26:55.000Z [INFO] Cache hit
2026-08-17T12:27:00.000Z [ERROR] File not found: /uploads/report.pdf
2026-08-17T12:27:05.000Z [WARN] Deprecated API called
2026-08-17T12:27:10.000Z [WARN] Memory usage high: 85%
2026-08-17T12:27:15.000Z [WARN] Rate limit approaching
2026-08-17T12:27:20.000Z [INFO] Connection restored
2026-08-17T12:27:25.000Z [DEBUG] Cache cleared
2026-08-17T12:27:30.000Z [INFO] Server started on port 3000
2026-08-17T12:27:35.000Z [INFO] User logged in: ada@example.com
2026-08-17T12:27:40.000Z [WARN] Deprecated API called
2026-08-17T12:27:45.000Z [ERROR] Rate limit exceeded
2026-08-17T12:27:50.000Z [INFO] Database query executed
2026-08-17T12:27:55.000Z [INFO] Request processed
2026-08-17T12:28:00.000Z [INFO] Server started on port 3000
2026-08-17T12:28:05.000Z [WARN] Rate limit approaching
2026-08-17T12:28:10.000Z [INFO] Server started on port 3000
2026-08-17T12:28:15.000Z [INFO] Request processed
2026-08-17T12:28:20.000Z [INFO] Request processed
2026-08-17T12:28:25.000Z [INFO] Cache hit
2026-08-17T12:28:30.000Z [WARN] Deprecated API called
2026-08-17T12:28:35.000Z [DEBUG] Entering function processRequest
2026-08-17T12:28:40.000Z [INFO] Connection restored
2026-08-17T12:28:45.000Z [INFO] Server started on port 3000
2026-08-17T12:28:50.000Z [ERROR] Rate limit exceeded
2026-08-17T12:28:55.000Z [INFO] Server started on port 3000
2026-08-17T12:29:00.000Z [INFO] Request processed
2026-08-17T12:29:05.000Z [INFO] Cache hit
2026-08-17T12:29:10.000Z [WARN] Deprecated API called
2026-08-17T12:29:15.000Z [INFO] User logged in: ada@example.com
2026-08-17T12:29:20.000Z [INFO] User logged in: ada@example.com
2026-08-17T12:29:25.000Z [INFO] Connection restored
2026-08-17T12:29:30.000Z [INFO] Database query executed
2026-08-17T12:29:35.000Z [INFO] Connection restored
2026-08-17T12:29:40.000Z [INFO] Server started on port 3000
2026-08-17T12:29:45.000Z [WARN] Slow query detected: 2500ms
2026-08-17T12:29:50.000Z [INFO] Server started on port 3000
2026-08-17T12:29:55.000Z [INFO] User logged in: ada@example.com
2026-08-17T12:30:00.000Z [DEBUG] Entering function processRequest
2026-08-17T12:30:05.000Z [INFO] User logged in: ada@example.com
2026-08-17T12:30:10.000Z [ERROR] Database connection failed: timeout
2026-08-17T12:30:15.000Z [INFO] Database query executed
2026-08-17T12:30:20.000Z [INFO] Request processed
2026-08-17T12:30:25.000Z [INFO] Request processed
2026-08-17T12:30:30.000Z [ERROR] Memory limit exceeded: 512MB
2026-08-17T12:30:35.000Z [WARN] Slow query detected: 2500ms
2026-08-17T12:30:40.000Z [WARN] Deprecated API called
2026-08-17T12:30:45.000Z [INFO] User logged in: ada@example.com
2026-08-17T12:30:50.000Z [INFO] Server started on port 3000
2026-08-17T12:30:55.000Z [INFO] Connection restored
2026-08-17T12:31:00.000Z [WARN] Memory usage high: 85%
2026-08-17T12:31:05.000Z [ERROR] Database connection failed: timeout
2026-08-17T12:31:10.000Z [INFO] Request processed
2026-08-17T12:31:15.000Z [DEBUG] API response received
2026-08-17T12:31:20.000Z [ERROR] File not found: /uploads/report.pdf
2026-08-17T12:31:25.000Z [INFO] Database query executed
2026-08-17T12:31:30.000Z [INFO] Connection restored
2026-08-17T12:31:35.000Z [INFO] Server started on port 3000
2026-08-17T12:31:40.000Z [WARN] Rate limit approaching
2026-08-17T12:31:45.000Z [DEBUG] API response received
2026-08-17T12:31:50.000Z [INFO] Server started on port 3000
2026-08-17T12:31:55.000Z [INFO] Database query executed
2026-08-17T12:32:00.000Z [ERROR] Database connection failed: timeout
2026-08-17T12:32:05.000Z [INFO] User logged in: ada@example.com
2026-08-17T12:32:10.000Z [INFO] Cache hit
2026-08-17T12:32:15.000Z [WARN] Slow query detected: 2500ms
2026-08-17T12:32:20.000Z [INFO] Connection restored
2026-08-17T12:32:25.000Z [INFO] User logged in: ada@example.com
2026-08-17T12:32:30.000Z [INFO] User logged in: ada@example.com
2026-08-17T12:32:35.000Z [ERROR] Memory limit exceeded: 512MB
2026-08-17T12:32:40.000Z [ERROR] Rate limit exceeded
2026-08-17T12:32:45.000Z [DEBUG] Cache cleared
2026-08-17T12:32:50.000Z [INFO] Database query executed
2026-08-17T12:32:55.000Z [INFO] Request processed
2026-08-17T12:33:00.000Z [WARN] Memory usage high: 85%
2026-08-17T12:33:05.000Z [WARN] Slow query detected: 2500ms
2026-08-17T12:33:10.000Z [WARN] Memory usage high: 85%
2026-08-17T12:33:15.000Z [INFO] User logged in: ada@example.com
2026-08-17T12:33:20.000Z [DEBUG] Variable value: 42
2026-08-17T12:33:25.000Z [INFO] User logged in: ada@example.com
2026-08-17T12:33:30.000Z [WARN] Memory usage high: 85%
2026-08-17T12:33:35.000Z [INFO] Cache hit
2026-08-17T12:33:40.000Z [INFO] Server started on port 3000
2026-08-17T12:33:45.000Z [INFO] Server started on port 3000
2026-08-17T12:33:50.000Z [ERROR] File not found: /uploads/report.pdf
2026-08-17T12:33:55.000Z [WARN] Memory usage high: 85%
2026-08-17T12:34:00.000Z [INFO] Request processed
2026-08-17T12:34:05.000Z [INFO] Server started on port 3000
2026-08-17T12:34:10.000Z [INFO] Database query executed
2026-08-17T12:34:15.000Z [INFO] Server started on port 3000
2026-08-17T12:34:20.000Z [INFO] Server started on port 3000
2026-08-17T12:34:25.000Z [INFO] Cache hit
2026-08-17T12:34:30.000Z [INFO] Database query executed
2026-08-17T12:34:35.000Z [INFO] Cache hit
2026-08-17T12:34:40.000Z [INFO] User logged in: ada@example.com
2026-08-17T12:34:45.000Z [WARN] Deprecated API called
2026-08-17T12:34:50.000Z [ERROR] Authentication failed for user: john@example.com
2026-08-17T12:34:55.000Z [INFO] Cache hit
2026-08-17T12:35:00.000Z [INFO] User logged in: ada@example.com
2026-08-17T12:35:05.000Z [INFO] Connection restored
2026-08-17T12:35:10.000Z [WARN] Memory usage high: 85%
2026-08-17T12:35:15.000Z [INFO] Connection restored
2026-08-17T12:35:20.000Z [INFO] Request processed
2026-08-17T12:35:25.000Z [INFO] Database query executed
2026-08-17T12:35:30.000Z [INFO] Cache hit
2026-08-17T12:35:35.000Z [WARN] Memory usage high: 85%
2026-08-17T12:35:40.000Z [ERROR] Memory limit exceeded: 512MB
2026-08-17T12:35:45.000Z [WARN] Memory usage high: 85%
2026-08-17T12:35:50.000Z [WARN] Memory usage high: 85%
2026-08-17T12:35:55.000Z [INFO] Request processed
2026-08-17T12:36:00.000Z [INFO] Server started on port 3000
2026-08-17T12:36:05.000Z [INFO] Request processed
2026-08-17T12:36:10.000Z [WARN] Memory usage high: 85%
2026-08-17T12:36:15.000Z [ERROR] File not found: /uploads/report.pdf
2026-08-17T12:36:20.000Z [WARN] Deprecated API called
2026-08-17T12:36:25.000Z [WARN] Slow query detected: 2500ms
2026-08-17T12:36:30.000Z [WARN] Rate limit approaching
2026-08-17T12:36:35.000Z [INFO] Cache hit
2026-08-17T12:36:40.000Z [WARN] Rate limit approaching
2026-08-17T12:36:45.000Z [ERROR] Database connection failed: timeout
2026-08-17T12:36:50.000Z [INFO] Database query executed
2026-08-17T12:36:55.000Z [INFO] Request processed
2026-08-17T12:37:00.000Z [WARN] Memory usage high: 85%
2026-08-17T12:37:05.000Z [INFO] Request processed
2026-08-17T12:37:10.000Z [INFO] Connection restored
2026-08-17T12:37:15.000Z [WARN] Slow query detected: 2500ms
2026-08-17T12:37:20.000Z [WARN] Memory usage high: 85%
2026-08-17T12:37:25.000Z [INFO] Request processed
2026-08-17T12:37:30.000Z [INFO] Connection restored
2026-08-17T12:37:35.000Z [DEBUG] Entering function processRequest
2026-08-17T12:37:40.000Z [INFO] Connection restored
2026-08-17T12:37:45.000Z [INFO] Connection restored
2026-08-17T12:37:50.000Z [WARN] Slow query detected: 2500ms
2026-08-17T12:37:55.000Z [INFO] User logged in: ada@example.com
2026-08-17T12:38:00.000Z [INFO] Connection restored
2026-08-17T12:38:05.000Z [INFO] Request processed
2026-08-17T12:38:10.000Z [INFO] User logged in: ada@example.com
2026-08-17T12:38:15.000Z [INFO] Server started on port 3000
2026-08-17T12:38:20.000Z [INFO] Server started on port 3000
2026-08-17T12:38:25.000Z [WARN] Rate limit approaching
2026-08-17T12:38:30.000Z [INFO] Connection restored
2026-08-17T12:38:35.000Z [WARN] Memory usage high: 85%
2026-08-17T12:38:40.000Z [INFO] Cache hit
2026-08-17T12:38:45.000Z [INFO] Connection restored
2026-08-17T12:38:50.000Z [ERROR] Authentication failed for user: john@example.com
2026-08-17T12:38:55.000Z [INFO] Connection restored
2026-08-17T12:39:00.000Z [ERROR] Database connection failed: timeout
2026-08-17T12:39:05.000Z [ERROR] Rate limit exceeded
2026-08-17T12:39:10.000Z [INFO] Request processed
2026-08-17T12:39:15.000Z [INFO] Cache hit
2026-08-17T12:39:20.000Z [INFO] Connection restored
2026-08-17T12:39:25.000Z [INFO] Request processed
2026-08-17T12:39:30.000Z [WARN] Memory usage high: 85%
2026-08-17T12:39:35.000Z [INFO] Server started on port 3000
2026-08-17T12:39:40.000Z [INFO] Request processed
2026-08-17T12:39:45.000Z [INFO] Server started on port 3000
2026-08-17T12:39:50.000Z [DEBUG] API response received
2026-08-17T12:39:55.000Z [INFO] Server started on port 3000
2026-08-17T12:40:00.000Z [INFO] Server started on port 3000
2026-08-17T12:40:05.000Z [INFO] User logged in: ada@example.com
2026-08-17T12:40:10.000Z [INFO] Request processed
2026-08-17T12:40:15.000Z [INFO] Server started on port 3000
2026-08-17T12:40:20.000Z [WARN] Deprecated API called
2026-08-17T12:40:25.000Z [INFO] Cache hit
2026-08-17T12:40:30.000Z [INFO] Cache hit
2026-08-17T12:40:35.000Z [ERROR] Memory limit exceeded: 512MB
2026-08-17T12:40:40.000Z [INFO] Request processed
2026-08-17T12:40:45.000Z [INFO] Database query executed
2026-08-17T12:40:50.000Z [INFO] User logged in: ada@example.com
2026-08-17T12:40:55.000Z [DEBUG] Cache cleared
2026-08-17T12:41:00.000Z [INFO] Server started on port 3000
2026-08-17T12:41:05.000Z [WARN] Deprecated API called
2026-08-17T12:41:10.000Z [WARN] Memory usage high: 85%
2026-08-17T12:41:15.000Z [INFO] Request processed
2026-08-17T12:41:20.000Z [INFO] Server started on port 3000
2026-08-17T12:41:25.000Z [INFO] Request processed
2026-08-17T12:41:30.000Z [INFO] Connection restored
2026-08-17T12:41:35.000Z [INFO] Cache hit
2026-08-17T12:41:40.000Z [ERROR] Authentication failed for user: john@example.com
2026-08-17T12:41:45.000Z [INFO] Database query executed
2026-08-17T12:41:50.000Z [INFO] Cache hit
2026-08-17T12:41:55.000Z [INFO] User logged in: ada@example.com
2026-08-17T12:42:00.000Z [WARN] Memory usage high: 85%
2026-08-17T12:42:05.000Z [INFO] Cache hit
2026-08-17T12:42:10.000Z [DEBUG] Cache cleared
2026-08-17T12:42:15.000Z [INFO] User logged in: ada@example.com
2026-08-17T12:42:20.000Z [INFO] Connection restored
2026-08-17T12:42:25.000Z [INFO] Cache hit
2026-08-17T12:42:30.000Z [WARN] Deprecated API called
2026-08-17T12:42:35.000Z [INFO] Request processed
2026-08-17T12:42:40.000Z [ERROR] Authentication failed for user: john@example.com
2026-08-17T12:42:45.000Z [INFO] Server started on port 3000
2026-08-17T12:42:50.000Z [DEBUG] Entering function processRequest
2026-08-17T12:42:55.000Z [INFO] User logged in: ada@example.com
2026-08-17T12:43:00.000Z [INFO] Connection restored
2026-08-17T12:43:05.000Z [INFO] Cache hit
2026-08-17T12:43:10.000Z [INFO] User logged in: ada@example.com
2026-08-17T12:43:15.000Z [INFO] User logged in: ada@example.com
2026-08-17T12:43:20.000Z [INFO] Server started on port 3000
2026-08-17T12:43:25.000Z [INFO] Request processed
2026-08-17T12:43:30.000Z [ERROR] File not found: /uploads/report.pdf
2026-08-17T12:43:35.000Z [INFO] Cache hit
2026-08-17T12:43:40.000Z [INFO] Cache hit
2026-08-17T12:43:45.000Z [INFO] Request processed
2026-08-17T12:43:50.000Z [DEBUG] Entering function processRequest
2026-08-17T12:43:55.000Z [INFO] Database query executed
2026-08-17T12:44:00.000Z [WARN] Deprecated API called
2026-08-17T12:44:05.000Z [INFO] Request processed
2026-08-17T12:44:10.000Z [INFO] Server started on port 3000
2026-08-17T12:44:15.000Z [WARN] Rate limit approaching
2026-08-17T12:44:20.000Z [INFO] Request processed
2026-08-17T12:44:25.000Z [INFO] Request processed
2026-08-17T12:44:30.000Z [INFO] Cache hit
2026-08-17T12:44:35.000Z [INFO] Connection restored
2026-08-17T12:44:40.000Z [DEBUG] Cache cleared
2026-08-17T12:44:45.000Z [ERROR] Rate limit exceeded
2026-08-17T12:44:50.000Z [WARN] Rate limit approaching
2026-08-17T12:44:55.000Z [INFO] Cache hit
2026-08-17T12:45:00.000Z [INFO] Database query executed
2026-08-17T12:45:05.000Z [INFO] Request processed
2026-08-17T12:45:10.000Z [INFO] Cache hit
2026-08-17T12:45:15.000Z [INFO] Request processed
2026-08-17T12:45:20.000Z [ERROR] Memory limit exceeded: 512MB
2026-08-17T12:45:25.000Z [INFO] Cache hit
2026-08-17T12:45:30.000Z [INFO] User logged in: ada@example.com
2026-08-17T12:45:35.000Z [INFO] Database query executed
2026-08-17T12:45:40.000Z [INFO] Request processed
2026-08-17T12:45:45.000Z [WARN] Deprecated API called
2026-08-17T12:45:50.000Z [ERROR] Database connection failed: timeout
2026-08-17T12:45:55.000Z [INFO] User logged in: ada@example.com
2026-08-17T12:46:00.000Z [WARN] Memory usage high: 85%
2026-08-17T12:46:05.000Z [INFO] Cache hit
2026-08-17T12:46:10.000Z [INFO] Request processed
2026-08-17T12:46:15.000Z [WARN] Memory usage high: 85%
2026-08-17T12:46:20.000Z [INFO] Database query executed
2026-08-17T12:46:25.000Z [INFO] Database query executed
2026-08-17T12:46:30.000Z [INFO] Request processed
2026-08-17T12:46:35.000Z [WARN] Deprecated API called
2026-08-17T12:46:40.000Z [INFO] User logged in: ada@example.com
2026-08-17T12:46:45.000Z [WARN] Slow query detected: 2500ms
2026-08-17T12:46:50.000Z [INFO] Request processed
2026-08-17T12:46:55.000Z [INFO] Request processed
2026-08-17T12:47:00.000Z [INFO] Database query executed
2026-08-17T12:47:05.000Z [INFO] Cache hit
2026-08-17T12:47:10.000Z [INFO] Database query executed
2026-08-17T12:47:15.000Z [INFO] Server started on port 3000
2026-08-17T12:47:20.000Z [WARN] Memory usage high: 85%
2026-08-17T12:47:25.000Z [WARN] Slow query detected: 2500ms
2026-08-17T12:47:30.000Z [WARN] Deprecated API called
2026-08-17T12:47:35.000Z [INFO] Database query executed
2026-08-17T12:47:40.000Z [INFO] Database query executed
2026-08-17T12:47:45.000Z [INFO] User logged in: ada@example.com
2026-08-17T12:47:50.000Z [INFO] Cache hit
2026-08-17T12:47:55.000Z [WARN] Deprecated API called
2026-08-17T12:48:00.000Z [INFO] Connection restored
2026-08-17T12:48:05.000Z [INFO] Cache hit
2026-08-17T12:48:10.000Z [INFO] User logged in: ada@example.com
2026-08-17T12:48:15.000Z [WARN] Slow query detected: 2500ms
2026-08-17T12:48:20.000Z [WARN] Rate limit approaching
2026-08-17T12:48:25.000Z [INFO] Server started on port 3000
2026-08-17T12:48:30.000Z [ERROR] File not found: /uploads/report.pdf
2026-08-17T12:48:35.000Z [INFO] Cache hit
2026-08-17T12:48:40.000Z [WARN] Slow query detected: 2500ms
2026-08-17T12:48:45.000Z [WARN] Rate limit approaching
2026-08-17T12:48:50.000Z [INFO] Database query executed
2026-08-17T12:48:55.000Z [INFO] Request processed
2026-08-17T12:49:00.000Z [WARN] Slow query detected: 2500ms
2026-08-17T12:49:05.000Z [INFO] Database query executed
2026-08-17T12:49:10.000Z [INFO] Cache hit
2026-08-17T12:49:15.000Z [INFO] Server started on port 3000
2026-08-17T12:49:20.000Z [INFO] Server started on port 3000
2026-08-17T12:49:25.000Z [INFO] User logged in: ada@example.com
2026-08-17T12:49:30.000Z [INFO] Cache hit
2026-08-17T12:49:35.000Z [INFO] Database query executed
2026-08-17T12:49:40.000Z [INFO] Connection restored
2026-08-17T12:49:45.000Z [INFO] Cache hit
2026-08-17T12:49:50.000Z [WARN] Memory usage high: 85%
2026-08-17T12:49:55.000Z [INFO] Server started on port 3000
2026-08-17T12:50:00.000Z [INFO] Server started on port 3000
2026-08-17T12:50:05.000Z [WARN] Deprecated API called
2026-08-17T12:50:10.000Z [INFO] Database query executed
2026-08-17T12:50:15.000Z [INFO] Cache hit
2026-08-17T12:50:20.000Z [INFO] Server started on port 3000
2026-08-17T12:50:25.000Z [WARN] Slow query detected: 2500ms
2026-08-17T12:50:30.000Z [INFO] User logged in: ada@example.com
2026-08-17T12:50:35.000Z [INFO] Connection restored
2026-08-17T12:50:40.000Z [INFO] Server started on port 3000
2026-08-17T12:50:45.000Z [INFO] User logged in: ada@example.com
2026-08-17T12:50:50.000Z [WARN] Deprecated API called
2026-08-17T12:50:55.000Z [INFO] Database query executed
2026-08-17T12:51:00.000Z [INFO] Database query executed
2026-08-17T12:51:05.000Z [INFO] User logged in: ada@example.com
2026-08-17T12:51:10.000Z [INFO] Connection restored
2026-08-17T12:51:15.000Z [INFO] Cache hit
2026-08-17T12:51:20.000Z [INFO] Cache hit
2026-08-17T12:51:25.000Z [INFO] Server started on port 3000
2026-08-17T12:51:30.000Z [INFO] Request processed
2026-08-17T12:51:35.000Z [INFO] Server started on port 3000
2026-08-17T12:51:40.000Z [INFO] Server started on port 3000
2026-08-17T12:51:45.000Z [INFO] Database query executed
2026-08-17T12:51:50.000Z [INFO] Connection restored
2026-08-17T12:51:55.000Z [ERROR] File not found: /uploads/report.pdf
2026-08-17T12:52:00.000Z [INFO] Request processed
2026-08-17T12:52:05.000Z [WARN] Memory usage high: 85%
2026-08-17T12:52:10.000Z [INFO] Cache hit
2026-08-17T12:52:15.000Z [WARN] Memory usage high: 85%
2026-08-17T12:52:20.000Z [INFO] Database query executed
2026-08-17T12:52:25.000Z [WARN] Deprecated API called
2026-08-17T12:52:30.000Z [INFO] User logged in: ada@example.com
2026-08-17T12:52:35.000Z [INFO] Server started on port 3000
2026-08-17T12:52:40.000Z [INFO] Cache hit
2026-08-17T12:52:45.000Z [ERROR] Rate limit exceeded
2026-08-17T12:52:50.000Z [INFO] Database query executed
2026-08-17T12:52:55.000Z [INFO] Request processed
2026-08-17T12:53:00.000Z [WARN] Slow query detected: 2500ms
2026-08-17T12:53:05.000Z [WARN] Slow query detected: 2500ms
2026-08-17T12:53:10.000Z [INFO] Connection restored
2026-08-17T12:53:15.000Z [ERROR] File not found: /uploads/report.pdf
2026-08-17T12:53:20.000Z [INFO] User logged in: ada@example.com
2026-08-17T12:53:25.000Z [WARN] Rate limit approaching
2026-08-17T12:53:30.000Z [INFO] Connection restored
2026-08-17T12:53:35.000Z [WARN] Rate limit approaching
2026-08-17T12:53:40.000Z [INFO] Request processed
2026-08-17T12:53:45.000Z [INFO] Request processed
2026-08-17T12:53:50.000Z [INFO] Cache hit
2026-08-17T12:53:55.000Z [INFO] Server started on port 3000
2026-08-17T12:54:00.000Z [INFO] User logged in: ada@example.com
2026-08-17T12:54:05.000Z [WARN] Slow query detected: 2500ms
2026-08-17T12:54:10.000Z [INFO] Server started on port 3000
2026-08-17T12:54:15.000Z [INFO] Cache hit
2026-08-17T12:54:20.000Z [INFO] Server started on port 3000
2026-08-17T12:54:25.000Z [WARN] Memory usage high: 85%
2026-08-17T12:54:30.000Z [ERROR] Rate limit exceeded
2026-08-17T12:54:35.000Z [INFO] Request processed
2026-08-17T12:54:40.000Z [WARN] Slow query detected: 2500ms
2026-08-17T12:54:45.000Z [INFO] Server started on port 3000
2026-08-17T12:54:50.000Z [ERROR] Rate limit exceeded
2026-08-17T12:54:55.000Z [INFO] Connection restored
2026-08-17T12:55:00.000Z [INFO] Connection restored
2026-08-17T12:55:05.000Z [INFO] Cache hit
2026-08-17T12:55:10.000Z [INFO] Connection restored
2026-08-17T12:55:15.000Z [INFO] User logged in: ada@example.com
2026-08-17T12:55:20.000Z [INFO] User logged in: ada@example.com
2026-08-17T12:55:25.000Z [ERROR] Memory limit exceeded: 512MB
2026-08-17T12:55:30.000Z [INFO] Cache hit
2026-08-17T12:55:35.000Z [INFO] Database query executed
2026-08-17T12:55:40.000Z [INFO] Cache hit
2026-08-17T12:55:45.000Z [WARN] Deprecated API called
2026-08-17T12:55:50.000Z [INFO] Cache hit
2026-08-17T12:55:55.000Z [INFO] Database query executed
2026-08-17T12:56:00.000Z [WARN] Deprecated API called
2026-08-17T12:56:05.000Z [INFO] Database query executed
2026-08-17T12:56:10.000Z [ERROR] Rate limit exceeded
2026-08-17T12:56:15.000Z [INFO] Database query executed
2026-08-17T12:56:20.000Z [INFO] User logged in: ada@example.com
2026-08-17T12:56:25.000Z [INFO] Database query executed